../Core/Src/main.c:70:6:HAL_UART_RxCpltCallback	24	static
../Core/Src/main.c:93:6:HAL_GPIO_EXTI_Callback	16	static
../Core/Src/main.c:97:6:HAL_TIM_PeriodElapsedCallback	16	static
../Core/Src/main.c:109:5:main	8	static
../Core/Src/main.c:166:6:SystemClock_Config	88	static
../Core/Src/main.c:213:13:MX_TIM2_Init	48	static
../Core/Src/main.c:262:13:MX_TIM5_Init	32	static
../Core/Src/main.c:307:13:MX_USART2_UART_Init	8	static
../Core/Src/main.c:338:13:MX_DMA_Init	16	static
../Core/Src/main.c:359:13:MX_GPIO_Init	48	static
../Core/Src/main.c:393:6:Error_Handler	4	static,ignoring_inline_asm
