../Core/Src/main.c:76:5:main	8	static
../Core/Src/main.c:139:6:SystemClock_Config	88	static
../Core/Src/main.c:186:13:MX_TIM2_Init	32	static
../Core/Src/main.c:231:13:MX_TIM3_Init	32	static
../Core/Src/main.c:276:13:MX_TIM4_Init	32	static
../Core/Src/main.c:321:13:MX_TIM5_Init	64	static
../Core/Src/main.c:380:13:MX_USART2_UART_Init	8	static
../Core/Src/main.c:413:13:MX_GPIO_Init	48	static
../Core/Src/main.c:446:6:HAL_GPIO_EXTI_Callback	16	static,ignoring_inline_asm
../Core/Src/main.c:456:6:HAL_TIM_PeriodElapsedCallback	16	static
../Core/Src/main.c:474:6:HAL_UART_RxCpltCallback	16	static
../Core/Src/main.c:485:6:Error_Handler	4	static,ignoring_inline_asm
