Archive member included to satisfy reference by file (symbol)

d:/program files/stm32cubeide_1.11.0/stm32cubeide/plugins/com.st.stm32cube.ide.mcu.externaltools.gnu-tools-for-stm32.10.3-2021.10.win32_1.0.200.202301161003/tools/bin/../lib/gcc/arm-none-eabi/10.3.1/../../../../arm-none-eabi/lib/thumb/v7e-m+fp/hard\libc_nano.a(lib_a-errno.o)
                              ./Core/Src/syscalls.o (__errno)
d:/program files/stm32cubeide_1.11.0/stm32cubeide/plugins/com.st.stm32cube.ide.mcu.externaltools.gnu-tools-for-stm32.10.3-2021.10.win32_1.0.200.202301161003/tools/bin/../lib/gcc/arm-none-eabi/10.3.1/../../../../arm-none-eabi/lib/thumb/v7e-m+fp/hard\libc_nano.a(lib_a-exit.o)
                              d:/program files/stm32cubeide_1.11.0/stm32cubeide/plugins/com.st.stm32cube.ide.mcu.externaltools.gnu-tools-for-stm32.10.3-2021.10.win32_1.0.200.202301161003/tools/bin/../lib/gcc/arm-none-eabi/10.3.1/../../../../arm-none-eabi/lib/thumb/v7e-m+fp/hard/crt0.o (exit)
d:/program files/stm32cubeide_1.11.0/stm32cubeide/plugins/com.st.stm32cube.ide.mcu.externaltools.gnu-tools-for-stm32.10.3-2021.10.win32_1.0.200.202301161003/tools/bin/../lib/gcc/arm-none-eabi/10.3.1/../../../../arm-none-eabi/lib/thumb/v7e-m+fp/hard\libc_nano.a(lib_a-impure.o)
                              d:/program files/stm32cubeide_1.11.0/stm32cubeide/plugins/com.st.stm32cube.ide.mcu.externaltools.gnu-tools-for-stm32.10.3-2021.10.win32_1.0.200.202301161003/tools/bin/../lib/gcc/arm-none-eabi/10.3.1/../../../../arm-none-eabi/lib/thumb/v7e-m+fp/hard\libc_nano.a(lib_a-exit.o) (_global_impure_ptr)
d:/program files/stm32cubeide_1.11.0/stm32cubeide/plugins/com.st.stm32cube.ide.mcu.externaltools.gnu-tools-for-stm32.10.3-2021.10.win32_1.0.200.202301161003/tools/bin/../lib/gcc/arm-none-eabi/10.3.1/../../../../arm-none-eabi/lib/thumb/v7e-m+fp/hard\libc_nano.a(lib_a-init.o)
                              d:/program files/stm32cubeide_1.11.0/stm32cubeide/plugins/com.st.stm32cube.ide.mcu.externaltools.gnu-tools-for-stm32.10.3-2021.10.win32_1.0.200.202301161003/tools/bin/../lib/gcc/arm-none-eabi/10.3.1/../../../../arm-none-eabi/lib/thumb/v7e-m+fp/hard/crt0.o (__libc_init_array)
d:/program files/stm32cubeide_1.11.0/stm32cubeide/plugins/com.st.stm32cube.ide.mcu.externaltools.gnu-tools-for-stm32.10.3-2021.10.win32_1.0.200.202301161003/tools/bin/../lib/gcc/arm-none-eabi/10.3.1/../../../../arm-none-eabi/lib/thumb/v7e-m+fp/hard\libc_nano.a(lib_a-memset.o)
                              d:/program files/stm32cubeide_1.11.0/stm32cubeide/plugins/com.st.stm32cube.ide.mcu.externaltools.gnu-tools-for-stm32.10.3-2021.10.win32_1.0.200.202301161003/tools/bin/../lib/gcc/arm-none-eabi/10.3.1/../../../../arm-none-eabi/lib/thumb/v7e-m+fp/hard/crt0.o (memset)
d:/program files/stm32cubeide_1.11.0/stm32cubeide/plugins/com.st.stm32cube.ide.mcu.externaltools.gnu-tools-for-stm32.10.3-2021.10.win32_1.0.200.202301161003/tools/bin/../lib/gcc/arm-none-eabi/10.3.1/../../../../arm-none-eabi/lib/thumb/v7e-m+fp/hard\libc_nano.a(lib_a-sprintf.o)
                              ./Core/Src/main.o (sprintf)
d:/program files/stm32cubeide_1.11.0/stm32cubeide/plugins/com.st.stm32cube.ide.mcu.externaltools.gnu-tools-for-stm32.10.3-2021.10.win32_1.0.200.202301161003/tools/bin/../lib/gcc/arm-none-eabi/10.3.1/../../../../arm-none-eabi/lib/thumb/v7e-m+fp/hard\libc_nano.a(lib_a-nano-svfprintf.o)
                              d:/program files/stm32cubeide_1.11.0/stm32cubeide/plugins/com.st.stm32cube.ide.mcu.externaltools.gnu-tools-for-stm32.10.3-2021.10.win32_1.0.200.202301161003/tools/bin/../lib/gcc/arm-none-eabi/10.3.1/../../../../arm-none-eabi/lib/thumb/v7e-m+fp/hard\libc_nano.a(lib_a-sprintf.o) (_svfprintf_r)
d:/program files/stm32cubeide_1.11.0/stm32cubeide/plugins/com.st.stm32cube.ide.mcu.externaltools.gnu-tools-for-stm32.10.3-2021.10.win32_1.0.200.202301161003/tools/bin/../lib/gcc/arm-none-eabi/10.3.1/../../../../arm-none-eabi/lib/thumb/v7e-m+fp/hard\libc_nano.a(lib_a-nano-vfprintf_i.o)
                              d:/program files/stm32cubeide_1.11.0/stm32cubeide/plugins/com.st.stm32cube.ide.mcu.externaltools.gnu-tools-for-stm32.10.3-2021.10.win32_1.0.200.202301161003/tools/bin/../lib/gcc/arm-none-eabi/10.3.1/../../../../arm-none-eabi/lib/thumb/v7e-m+fp/hard\libc_nano.a(lib_a-nano-svfprintf.o) (_printf_i)
d:/program files/stm32cubeide_1.11.0/stm32cubeide/plugins/com.st.stm32cube.ide.mcu.externaltools.gnu-tools-for-stm32.10.3-2021.10.win32_1.0.200.202301161003/tools/bin/../lib/gcc/arm-none-eabi/10.3.1/../../../../arm-none-eabi/lib/thumb/v7e-m+fp/hard\libc_nano.a(lib_a-memchr.o)
                              d:/program files/stm32cubeide_1.11.0/stm32cubeide/plugins/com.st.stm32cube.ide.mcu.externaltools.gnu-tools-for-stm32.10.3-2021.10.win32_1.0.200.202301161003/tools/bin/../lib/gcc/arm-none-eabi/10.3.1/../../../../arm-none-eabi/lib/thumb/v7e-m+fp/hard\libc_nano.a(lib_a-nano-svfprintf.o) (memchr)
[...]
Memory Configuration

Name             Origin             Length             Attributes
RAM              0x0000000020000000 0x0000000000020000 xrw
FLASH            0x0000000008000000 0x0000000000080000 xr
*default*        0x0000000000000000 0xffffffffffffffff

Linker script and memory map

LOAD d:/program files/stm32cubeide_1.11.0/stm32cubeide/plugins/com.st.stm32cube.ide.mcu.externaltools.gnu-tools-for-stm32.10.3-2021.10.win32_1.0.200.202301161003/tools/bin/../lib/gcc/arm-none-eabi/10.3.1/thumb/v7e-m+fp/hard/crti.o
LOAD d:/program files/stm32cubeide_1.11.0/stm32cubeide/plugins/com.st.stm32cube.ide.mcu.externaltools.gnu-tools-for-stm32.10.3-2021.10.win32_1.0.200.202301161003/tools/bin/../lib/gcc/arm-none-eabi/10.3.1/thumb/v7e-m+fp/hard/crtbegin.o
LOAD d:/program files/stm32cubeide_1.11.0/stm32cubeide/plugins/com.st.stm32cube.ide.mcu.externaltools.gnu-tools-for-stm32.10.3-2021.10.win32_1.0.200.202301161003/tools/bin/../lib/gcc/arm-none-eabi/10.3.1/../../../../arm-none-eabi/lib/thumb/v7e-m+fp/hard/crt0.o
LOAD ./Core/Inc/ds18b20.o
LOAD ./Core/Inc/onewire.o
LOAD ./Core/Inc/ssd1306.o
LOAD ./Core/Inc/ssd1306_font.o
LOAD ./Core/Src/main.o
LOAD ./Core/Src/stm32f4xx_hal_msp.o
LOAD ./Core/Src/stm32f4xx_it.o
LOAD ./Core/Src/syscalls.o
LOAD ./Core/Src/sysmem.o
LOAD ./Core/Src/system_stm32f4xx.o
LOAD ./Core/Startup/startup_stm32f411retx.o
LOAD ./Drivers/STM32F4xx_HAL_Driver/Src/stm32f4xx_hal.o
LOAD ./Drivers/STM32F4xx_HAL_Driver/Src/stm32f4xx_hal_adc.o
LOAD ./Drivers/STM32F4xx_HAL_Driver/Src/stm32f4xx_hal_adc_ex.o
LOAD ./Drivers/STM32F4xx_HAL_Driver/Src/stm32f4xx_hal_cortex.o
LOAD ./Drivers/STM32F4xx_HAL_Driver/Src/stm32f4xx_hal_dma.o
LOAD ./Drivers/STM32F4xx_HAL_Driver/Src/stm32f4xx_hal_dma_ex.o
LOAD ./Drivers/STM32F4xx_HAL_Driver/Src/stm32f4xx_hal_exti.o
LOAD ./Drivers/STM32F4xx_HAL_Driver/Src/stm32f4xx_hal_flash.o
LOAD ./Drivers/STM32F4xx_HAL_Driver/Src/stm32f4xx_hal_flash_ex.o
LOAD ./Drivers/STM32F4xx_HAL_Driver/Src/stm32f4xx_hal_flash_ramfunc.o
LOAD ./Drivers/STM32F4xx_HAL_Driver/Src/stm32f4xx_hal_gpio.o
LOAD ./Drivers/STM32F4xx_HAL_Driver/Src/stm32f4xx_hal_i2c.o
LOAD ./Drivers/STM32F4xx_HAL_Driver/Src/stm32f4xx_hal_i2c_ex.o
LOAD ./Drivers/STM32F4xx_HAL_Driver/Src/stm32f4xx_hal_pwr.o
LOAD ./Drivers/STM32F4xx_HAL_Driver/Src/stm32f4xx_hal_pwr_ex.o
LOAD ./Drivers/STM32F4xx_HAL_Driver/Src/stm32f4xx_hal_rcc.o
LOAD ./Drivers/STM32F4xx_HAL_Driver/Src/stm32f4xx_hal_rcc_ex.o
LOAD ./Drivers/STM32F4xx_HAL_Driver/Src/stm32f4xx_hal_tim.o
LOAD ./Drivers/STM32F4xx_HAL_Driver/Src/stm32f4xx_hal_tim_ex.o
LOAD ./Drivers/STM32F4xx_HAL_Driver/Src/stm32f4xx_hal_uart.o
LOAD ./Drivers/STM32F4xx_HAL_Driver/Src/stm32f4xx_ll_adc.o
START GROUP
LOAD d:/program files/stm32cubeide_1.11.0/stm32cubeide/plugins/com.st.stm32cube.ide.mcu.externaltools.gnu-tools-for-stm32.10.3-2021.10.win32_1.0.200.202301161003/tools/bin/../lib/gcc/arm-none-eabi/10.3.1/../../../../arm-none-eabi/lib/thumb/v7e-m+fp/hard\libc_nano.a
LOAD d:/program files/stm32cubeide_1.11.0/stm32cubeide/plugins/com.st.stm32cube.ide.mcu.externaltools.gnu-tools-for-stm32.10.3-2021.10.win32_1.0.200.202301161003/tools/bin/../lib/gcc/arm-none-eabi/10.3.1/../../../../arm-none-eabi/lib/thumb/v7e-m+fp/hard\libm.a
END GROUP
START GROUP
LOAD d:/program files/stm32cubeide_1.11.0/stm32cubeide/plugins/com.st.stm32cube.ide.mcu.externaltools.gnu-tools-for-stm32.10.3-2021.10.win32_1.0.200.202301161003/tools/bin/../lib/gcc/arm-none-eabi/10.3.1/thumb/v7e-m+fp/hard\libgcc.a
LOAD d:/program files/stm32cubeide_1.11.0/stm32cubeide/plugins/com.st.stm32cube.ide.mcu.externaltools.gnu-tools-for-stm32.10.3-2021.10.win32_1.0.200.202301161003/tools/bin/../lib/gcc/arm-none-eabi/10.3.1/../../../../arm-none-eabi/lib/thumb/v7e-m+fp/hard\libc_nano.a
END GROUP
START GROUP
LOAD d:/program files/stm32cubeide_1.11.0/stm32cubeide/plugins/com.st.stm32cube.ide.mcu.externaltools.gnu-tools-for-stm32.10.3-2021.10.win32_1.0.200.202301161003/tools/bin/../lib/gcc/arm-none-eabi/10.3.1/thumb/v7e-m+fp/hard\libgcc.a
LOAD d:/program files/stm32cubeide_1.11.0/stm32cubeide/plugins/com.st.stm32cube.ide.mcu.externaltools.gnu-tools-for-stm32.10.3-2021.10.win32_1.0.200.202301161003/tools/bin/../lib/gcc/arm-none-eabi/10.3.1/../../../../arm-none-eabi/lib/thumb/v7e-m+fp/hard\libc_nano.a
LOAD d:/program files/stm32cubeide_1.11.0/stm32cubeide/plugins/com.st.stm32cube.ide.mcu.externaltools.gnu-tools-for-stm32.10.3-2021.10.win32_1.0.200.202301161003/tools/bin/../lib/gcc/arm-none-eabi/10.3.1/../../../../arm-none-eabi/lib/thumb/v7e-m+fp/hard\libnosys.a
END GROUP
START GROUP
LOAD d:/program files/stm32cubeide_1.11.0/stm32cubeide/plugins/com.st.stm32cube.ide.mcu.externaltools.gnu-tools-for-stm32.10.3-2021.10.win32_1.0.200.202301161003/tools/bin/../lib/gcc/arm-none-eabi/10.3.1/thumb/v7e-m+fp/hard\libgcc.a
LOAD d:/program files/stm32cubeide_1.11.0/stm32cubeide/plugins/com.st.stm32cube.ide.mcu.externaltools.gnu-tools-for-stm32.10.3-2021.10.win32_1.0.200.202301161003/tools/bin/../lib/gcc/arm-none-eabi/10.3.1/../../../../arm-none-eabi/lib/thumb/v7e-m+fp/hard\libc_nano.a
LOAD d:/program files/stm32cubeide_1.11.0/stm32cubeide/plugins/com.st.stm32cube.ide.mcu.externaltools.gnu-tools-for-stm32.10.3-2021.10.win32_1.0.200.202301161003/tools/bin/../lib/gcc/arm-none-eabi/10.3.1/../../../../arm-none-eabi/lib/thumb/v7e-m+fp/hard\libnosys.a
END GROUP
LOAD d:/program files/stm32cubeide_1.11.0/stm32cubeide/plugins/com.st.stm32cube.ide.mcu.externaltools.gnu-tools-for-stm32.10.3-2021.10.win32_1.0.200.202301161003/tools/bin/../lib/gcc/arm-none-eabi/10.3.1/thumb/v7e-m+fp/hard/crtend.o
LOAD d:/program files/stm32cubeide_1.11.0/stm32cubeide/plugins/com.st.stm32cube.ide.mcu.externaltools.gnu-tools-for-stm32.10.3-2021.10.win32_1.0.200.202301161003/tools/bin/../lib/gcc/arm-none-eabi/10.3.1/thumb/v7e-m+fp/hard/crtn.o
                0x0000000020020000                _estack = (ORIGIN (RAM) + LENGTH (RAM))
                0x0000000000000200                _Min_Heap_Size = 0x200
                0x0000000000000400                _Min_Stack_Size = 0x400

.isr_vector     0x0000000008000000      0x198
                0x0000000008000000                . = ALIGN (0x4)
 *(.isr_vector)
 .isr_vector    0x0000000008000000      0x198 ./Core/Startup/startup_stm32f411retx.o
                0x0000000008000000                g_pfnVectors
                0x0000000008000198                . = ALIGN (0x4)

.text           0x00000000080001a0     0x70e8
                0x00000000080001a0                . = ALIGN (0x4)
 *(.text)
 .text          0x00000000080001a0       0x40 d:/program files/stm32cubeide_1.11.0/stm32cubeide/plugins/com.st.stm32cube.ide.mcu.externaltools.gnu-tools-for-stm32.10.3-2021.10.win32_1.0.200.202301161003/tools/bin/../lib/gcc/arm-none-eabi/10.3.1/thumb/v7e-m+fp/hard/crtbegin.o
 .text          0x00000000080001e0       0xa0 d:/program files/stm32cubeide_1.11.0/stm32cubeide/plugins/com.st.stm32cube.ide.mcu.externaltools.gnu-tools-for-stm32.10.3-2021.10.win32_1.0.200.202301161003/tools/bin/../lib/gcc/arm-none-eabi/10.3.1/../../../../arm-none-eabi/lib/thumb/v7e-m+fp/hard\libc_nano.a(lib_a-memchr.o)
                0x00000000080001e0                memchr
 .text          0x0000000008000280      0x378 d:/program files/stm32cubeide_1.11.0/stm32cubeide/plugins/com.st.stm32cube.ide.mcu.externaltools.gnu-tools-for-stm32.10.3-2021.10.win32_1.0.200.202301161003/tools/bin/../lib/gcc/arm-none-eabi/10.3.1/thumb/v7e-m+fp/hard\libgcc.a(_arm_addsubdf3.o)
                0x0000000008000280                __aeabi_drsub
                0x0000000008000288                __aeabi_dsub
                0x0000000008000288                __subdf3
                0x000000000800028c                __aeabi_dadd
                0x000000000800028c                __adddf3
                0x0000000008000504                __floatunsidf
                0x0000000008000504                __aeabi_ui2d
                0x0000000008000524                __floatsidf
                0x0000000008000524                __aeabi_i2d
                0x0000000008000548                __aeabi_f2d
                0x0000000008000548                __extendsfdf2
                0x000000000800058c                __floatundidf
                0x000000000800058c                __aeabi_ul2d
                0x000000000800059c                __floatdidf
                0x000000000800059c                __aeabi_l2d
 .text          0x00000000080005f8      0x424 d:/program files/stm32cubeide_1.11.0/stm32cubeide/plugins/com.st.stm32cube.ide.mcu.externaltools.gnu-tools-for-stm32.10.3-2021.10.win32_1.0.200.202301161003/tools/bin/../lib/gcc/arm-none-eabi/10.3.1/thumb/v7e-m+fp/hard\libgcc.a(_arm_muldivdf3.o)
                0x00000000080005f8                __aeabi_dmul
                0x00000000080005f8                __muldf3
                0x000000000800084c                __divdf3
                0x000000000800084c                __aeabi_ddiv
 .text          0x0000000008000a1c       0x50 d:/program files/stm32cubeide_1.11.0/stm32cubeide/plugins/com.st.stm32cube.ide.mcu.externaltools.gnu-tools-for-stm32.10.3-2021.10.win32_1.0.200.202301161003/tools/bin/../lib/gcc/arm-none-eabi/10.3.1/thumb/v7e-m+fp/hard\libgcc.a(_arm_fixdfsi.o)
                0x0000000008000a1c                __aeabi_d2iz
                0x0000000008000a1c                __fixdfsi
 .text          0x0000000008000a6c       0xa0 d:/program files/stm32cubeide_1.11.0/stm32cubeide/plugins/com.st.stm32cube.ide.mcu.externaltools.gnu-tools-for-stm32.10.3-2021.10.win32_1.0.200.202301161003/tools/bin/../lib/gcc/arm-none-eabi/10.3.1/thumb/v7e-m+fp/hard\libgcc.a(_arm_truncdfsf2.o)
                0x0000000008000a6c                __truncdfsf2
                0x0000000008000a6c                __aeabi_d2f
 .text          0x0000000008000b0c       0x30 d:/program files/stm32cubeide_1.11.0/stm32cubeide/plugins/com.st.stm32cube.ide.mcu.externaltools.gnu-tools-for-stm32.10.3-2021.10.win32_1.0.200.202301161003/tools/bin/../lib/gcc/arm-none-eabi/10.3.1/thumb/v7e-m+fp/hard\libgcc.a(_aeabi_uldivmod.o)
                0x0000000008000b0c                __aeabi_uldivmod
 .text          0x0000000008000b3c      0x2d0 d:/program files/stm32cubeide_1.11.0/stm32cubeide/plugins/com.st.stm32cube.ide.mcu.externaltools.gnu-tools-for-stm32.10.3-2021.10.win32_1.0.200.202301161003/tools/bin/../lib/gcc/arm-none-eabi/10.3.1/thumb/v7e-m+fp/hard\libgcc.a(_udivmoddi4.o)
                0x0000000008000b3c                __udivmoddi4
 .text          0x0000000008000e0c        0x4 d:/program files/stm32cubeide_1.11.0/stm32cubeide/plugins/com.st.stm32cube.ide.mcu.externaltools.gnu-tools-for-stm32.10.3-2021.10.win32_1.0.200.202301161003/tools/bin/../lib/gcc/arm-none-eabi/10.3.1/thumb/v7e-m+fp/hard\libgcc.a(_dvmd_tls.o)
                0x0000000008000e0c                __aeabi_idiv0
                0x0000000008000e0c                __aeabi_ldiv0
 *(.text*)
 .text.DS18B20_StartAll
                0x0000000008000e10       0x24 ./Core/Inc/ds18b20.o
                0x0000000008000e10                DS18B20_StartAll
 .text.DS18B20_Read
                0x0000000008000e34      0x158 ./Core/Inc/ds18b20.o
                0x0000000008000e34                DS18B20_Read
 .text.DS18B20_SetResolution
                0x0000000008000f8c      0x14c ./Core/Inc/ds18b20.o
                0x0000000008000f8c                DS18B20_SetResolution
 .text.DS18B20_Is
                0x00000000080010d8       0x22 ./Core/Inc/ds18b20.o
                0x00000000080010d8                DS18B20_Is
 *fill*         0x00000000080010fa        0x2 
 .text.DS18B20_AllDone
                0x00000000080010fc       0x14 ./Core/Inc/ds18b20.o
                0x00000000080010fc                DS18B20_AllDone
 .text.DS18B20_ReadAll
                0x0000000008001110       0x80 ./Core/Inc/ds18b20.o
                0x0000000008001110                DS18B20_ReadAll
 .text.DS18B20_Quantity
                0x0000000008001190       0x18 ./Core/Inc/ds18b20.o
                0x0000000008001190                DS18B20_Quantity
 .text.DS18B20_GetTemperature
                0x00000000080011a8       0x44 ./Core/Inc/ds18b20.o
                0x00000000080011a8                DS18B20_GetTemperature
 .text.DS18B20_Init
                0x00000000080011ec       0xa4 ./Core/Inc/ds18b20.o
                0x00000000080011ec                DS18B20_Init
 .text.OneWire_Delay
                0x0000000008001290       0x34 ./Core/Inc/onewire.o
                0x0000000008001290                OneWire_Delay
 .text.OneWire_BusInputDirection
                0x00000000080012c4       0x32 ./Core/Inc/onewire.o
                0x00000000080012c4                OneWire_BusInputDirection
 .text.OneWire_BusOutputDirection
                0x00000000080012f6       0x32 ./Core/Inc/onewire.o
                0x00000000080012f6                OneWire_BusOutputDirection
 .text.OneWire_OutputLow
                0x0000000008001328       0x20 ./Core/Inc/onewire.o
                0x0000000008001328                OneWire_OutputLow
 .text.OneWire_OutputHigh
                0x0000000008001348       0x1e ./Core/Inc/onewire.o
                0x0000000008001348                OneWire_OutputHigh
 .text.OneWire_Reset
                0x0000000008001366       0x4e ./Core/Inc/onewire.o
                0x0000000008001366                OneWire_Reset
 .text.OneWire_WriteBit
                0x00000000080013b4       0x58 ./Core/Inc/onewire.o
                0x00000000080013b4                OneWire_WriteBit
 .text.OneWire_ReadBit
                0x000000000800140c       0x54 ./Core/Inc/onewire.o
                0x000000000800140c                OneWire_ReadBit
 .text.OneWire_WriteByte
                0x0000000008001460       0x3c ./Core/Inc/onewire.o
                0x0000000008001460                OneWire_WriteByte
 .text.OneWire_ReadByte
                0x000000000800149c       0x42 ./Core/Inc/onewire.o
                0x000000000800149c                OneWire_ReadByte
 .text.OneWire_ResetSearch
                0x00000000080014de       0x26 ./Core/Inc/onewire.o
                0x00000000080014de                OneWire_ResetSearch
 .text.OneWire_Search
                0x0000000008001504      0x18c ./Core/Inc/onewire.o
                0x0000000008001504                OneWire_Search
 .text.OneWire_First
                0x0000000008001690       0x20 ./Core/Inc/onewire.o
                0x0000000008001690                OneWire_First
 .text.OneWire_Next
                0x00000000080016b0       0x1a ./Core/Inc/onewire.o
                0x00000000080016b0                OneWire_Next
 .text.OneWire_SelectWithPointer
                0x00000000080016ca       0x3e ./Core/Inc/onewire.o
                0x00000000080016ca                OneWire_SelectWithPointer
 .text.OneWire_GetFullROM
                0x0000000008001708       0x3a ./Core/Inc/onewire.o
                0x0000000008001708                OneWire_GetFullROM
 *fill*         0x0000000008001742        0x2 
 .text.OneWire_Init
                0x0000000008001744       0x58 ./Core/Inc/onewire.o
                0x0000000008001744                OneWire_Init
 .text.ssd1306_write_command
                0x000000000800179c       0x30 ./Core/Inc/ssd1306.o
                0x000000000800179c                ssd1306_write_command
 .text.ssd1306_write_data
                0x00000000080017cc       0x34 ./Core/Inc/ssd1306.o
                0x00000000080017cc                ssd1306_write_data
 .text.charge_bump_setting
                0x0000000008001800       0x20 ./Core/Inc/ssd1306.o
                0x0000000008001800                charge_bump_setting
 .text.set_contrast_control
                0x0000000008001820       0x20 ./Core/Inc/ssd1306.o
                0x0000000008001820                set_contrast_control
 .text.entire_display_off
                0x0000000008001840        0xe ./Core/Inc/ssd1306.o
                0x0000000008001840                entire_display_off
 .text.set_normal_display
                0x000000000800184e        0xe ./Core/Inc/ssd1306.o
                0x000000000800184e                set_normal_display
 .text.set_display_on
                0x000000000800185c        0xe ./Core/Inc/ssd1306.o
                0x000000000800185c                set_display_on
 .text.set_lower_column_start_address_for_page_addressing_mode
                0x000000000800186a       0x1a ./Core/Inc/ssd1306.o
                0x000000000800186a                set_lower_column_start_address_for_page_addressing_mode
 .text.set_higher_column_start_address_for_page_addressing_mode
                0x0000000008001884       0x1a ./Core/Inc/ssd1306.o
                0x0000000008001884                set_higher_column_start_address_for_page_addressing_mode
 .text.set_page_start_address_for_page_addressing_mode
                0x000000000800189e       0x1a ./Core/Inc/ssd1306.o
                0x000000000800189e                set_page_start_address_for_page_addressing_mode
 .text.set_display_start_line
                0x00000000080018b8       0x1a ./Core/Inc/ssd1306.o
                0x00000000080018b8                set_display_start_line
 .text.set_segment_remap
                0x00000000080018d2       0x1a ./Core/Inc/ssd1306.o
                0x00000000080018d2                set_segment_remap
 .text.set_multiplex_ratio
                0x00000000080018ec       0x20 ./Core/Inc/ssd1306.o
                0x00000000080018ec                set_multiplex_ratio
 .text.set_com_output_scan_direction
                0x000000000800190c       0x1a ./Core/Inc/ssd1306.o
                0x000000000800190c                set_com_output_scan_direction
 .text.set_display_offset
                0x0000000008001926       0x20 ./Core/Inc/ssd1306.o
                0x0000000008001926                set_display_offset
 .text.set_com_pins_hardware_config
                0x0000000008001946       0x3e ./Core/Inc/ssd1306.o
                0x0000000008001946                set_com_pins_hardware_config
 .text.set_display_clock_divide_ratio_and_osc_freq
                0x0000000008001984       0x36 ./Core/Inc/ssd1306.o
                0x0000000008001984                set_display_clock_divide_ratio_and_osc_freq
 .text.ssd1306_init
                0x00000000080019ba       0x5a ./Core/Inc/ssd1306.o
                0x00000000080019ba                ssd1306_init
 .text.ssd1306_update_screen
                0x0000000008001a14       0x50 ./Core/Inc/ssd1306.o
                0x0000000008001a14                ssd1306_update_screen
 .text.ssd1306_black_screen
                0x0000000008001a64       0x34 ./Core/Inc/ssd1306.o
                0x0000000008001a64                ssd1306_black_screen
 .text.ssd1306_black_pixel
                0x0000000008001a98       0x58 ./Core/Inc/ssd1306.o
                0x0000000008001a98                ssd1306_black_pixel
 .text.ssd1306_white_pixel
                0x0000000008001af0       0x54 ./Core/Inc/ssd1306.o
                0x0000000008001af0                ssd1306_white_pixel
 .text.ssd1306_write_char
                0x0000000008001b44       0xf0 ./Core/Inc/ssd1306.o
                0x0000000008001b44                ssd1306_write_char
 .text.ssd1306_write_string
                0x0000000008001c34       0x64 ./Core/Inc/ssd1306.o
                0x0000000008001c34                ssd1306_write_string
 .text.ssd1306_set_cursor
                0x0000000008001c98       0x2c ./Core/Inc/ssd1306.o
                0x0000000008001c98                ssd1306_set_cursor
 .text.ssd1306_enter
                0x0000000008001cc4       0x2c ./Core/Inc/ssd1306.o
                0x0000000008001cc4                ssd1306_enter
 .text.HAL_TIM_PeriodElapsedCallback
                0x0000000008001cf0       0xbc ./Core/Src/main.o
                0x0000000008001cf0                HAL_TIM_PeriodElapsedCallback
 .text.HAL_UART_RxCpltCallback
                0x0000000008001dac       0x2c ./Core/Src/main.o
                0x0000000008001dac                HAL_UART_RxCpltCallback
 .text.tempRead
                0x0000000008001dd8       0x68 ./Core/Src/main.o
                0x0000000008001dd8                tempRead
 .text.main     0x0000000008001e40      0x4d0 ./Core/Src/main.o
                0x0000000008001e40                main
 .text.SystemClock_Config
                0x0000000008002310       0xd0 ./Core/Src/main.o
                0x0000000008002310                SystemClock_Config
 .text.MX_ADC1_Init
                0x00000000080023e0       0xd4 ./Core/Src/main.o
 .text.MX_I2C1_Init
                0x00000000080024b4       0x5c ./Core/Src/main.o
 .text.MX_TIM1_Init
                0x0000000008002510       0xa0 ./Core/Src/main.o
 .text.MX_TIM2_Init
                0x00000000080025b0       0x9c ./Core/Src/main.o
 .text.MX_TIM3_Init
                0x000000000800264c       0x9c ./Core/Src/main.o
 .text.MX_USART1_UART_Init
                0x00000000080026e8       0x54 ./Core/Src/main.o
 .text.MX_USART2_UART_Init
                0x000000000800273c       0x54 ./Core/Src/main.o
 .text.MX_GPIO_Init
                0x0000000008002790      0x130 ./Core/Src/main.o
 .text.Error_Handler
                0x00000000080028c0        0xa ./Core/Src/main.o
                0x00000000080028c0                Error_Handler
 *fill*         0x00000000080028ca        0x2 
 .text.HAL_MspInit
                0x00000000080028cc       0x50 ./Core/Src/stm32f4xx_hal_msp.o
                0x00000000080028cc                HAL_MspInit
 .text.HAL_ADC_MspInit
                0x000000000800291c       0x88 ./Core/Src/stm32f4xx_hal_msp.o
                0x000000000800291c                HAL_ADC_MspInit
 .text.HAL_I2C_MspInit
                0x00000000080029a4       0x90 ./Core/Src/stm32f4xx_hal_msp.o
                0x00000000080029a4                HAL_I2C_MspInit
 .text.HAL_TIM_Base_MspInit
                0x0000000008002a34       0xb4 ./Core/Src/stm32f4xx_hal_msp.o
                0x0000000008002a34                HAL_TIM_Base_MspInit
 .text.HAL_UART_MspInit
                0x0000000008002ae8      0x108 ./Core/Src/stm32f4xx_hal_msp.o
                0x0000000008002ae8                HAL_UART_MspInit
 .text.NMI_Handler
                0x0000000008002bf0        0x6 ./Core/Src/stm32f4xx_it.o
                0x0000000008002bf0                NMI_Handler
 .text.HardFault_Handler
                0x0000000008002bf6        0x6 ./Core/Src/stm32f4xx_it.o
                0x0000000008002bf6                HardFault_Handler
 .text.MemManage_Handler
                0x0000000008002bfc        0x6 ./Core/Src/stm32f4xx_it.o
                0x0000000008002bfc                MemManage_Handler
 .text.BusFault_Handler
                0x0000000008002c02        0x6 ./Core/Src/stm32f4xx_it.o
                0x0000000008002c02                BusFault_Handler
 .text.UsageFault_Handler
                0x0000000008002c08        0x6 ./Core/Src/stm32f4xx_it.o
                0x0000000008002c08                UsageFault_Handler
 .text.SVC_Handler
                0x0000000008002c0e        0xe ./Core/Src/stm32f4xx_it.o
                0x0000000008002c0e                SVC_Handler
 .text.DebugMon_Handler
                0x0000000008002c1c        0xe ./Core/Src/stm32f4xx_it.o
                0x0000000008002c1c                DebugMon_Handler
 .text.PendSV_Handler
                0x0000000008002c2a        0xe ./Core/Src/stm32f4xx_it.o
                0x0000000008002c2a                PendSV_Handler
 .text.SysTick_Handler
                0x0000000008002c38        0xc ./Core/Src/stm32f4xx_it.o
                0x0000000008002c38                SysTick_Handler
 .text.TIM2_IRQHandler
                0x0000000008002c44       0x14 ./Core/Src/stm32f4xx_it.o
                0x0000000008002c44                TIM2_IRQHandler
 .text.TIM3_IRQHandler
                0x0000000008002c58       0x14 ./Core/Src/stm32f4xx_it.o
                0x0000000008002c58                TIM3_IRQHandler
 .text.USART1_IRQHandler
                0x0000000008002c6c       0x14 ./Core/Src/stm32f4xx_it.o
                0x0000000008002c6c                USART1_IRQHandler
 .text.EXTI15_10_IRQHandler
                0x0000000008002c80       0x10 ./Core/Src/stm32f4xx_it.o
                0x0000000008002c80                EXTI15_10_IRQHandler
 .text._sbrk    0x0000000008002c90       0x6c ./Core/Src/sysmem.o
                0x0000000008002c90                _sbrk
 .text.SystemInit
                0x0000000008002cfc       0x24 ./Core/Src/system_stm32f4xx.o
                0x0000000008002cfc                SystemInit
 .text.Reset_Handler
                0x0000000008002d20       0x50 ./Core/Startup/startup_stm32f411retx.o
                0x0000000008002d20                Reset_Handler
 .text.Default_Handler
                0x0000000008002d70        0x2 ./Core/Startup/startup_stm32f411retx.o
                0x0000000008002d70                RTC_Alarm_IRQHandler
                0x0000000008002d70                EXTI2_IRQHandler
                0x0000000008002d70                SPI4_IRQHandler
                0x0000000008002d70                TIM1_CC_IRQHandler
                0x0000000008002d70                DMA2_Stream5_IRQHandler
                0x0000000008002d70                DMA1_Stream5_IRQHandler
                0x0000000008002d70                PVD_IRQHandler
                0x0000000008002d70                SDIO_IRQHandler
                0x0000000008002d70                TAMP_STAMP_IRQHandler
                0x0000000008002d70                EXTI3_IRQHandler
                0x0000000008002d70                TIM1_UP_TIM10_IRQHandler
                0x0000000008002d70                I2C3_ER_IRQHandler
                0x0000000008002d70                EXTI0_IRQHandler
                0x0000000008002d70                I2C2_EV_IRQHandler
                0x0000000008002d70                DMA1_Stream2_IRQHandler
                0x0000000008002d70                FPU_IRQHandler
                0x0000000008002d70                DMA2_Stream2_IRQHandler
                0x0000000008002d70                SPI1_IRQHandler
                0x0000000008002d70                TIM1_BRK_TIM9_IRQHandler
                0x0000000008002d70                DMA2_Stream3_IRQHandler
                0x0000000008002d70                USART6_IRQHandler
                0x0000000008002d70                DMA2_Stream0_IRQHandler
                0x0000000008002d70                TIM4_IRQHandler
                0x0000000008002d70                I2C1_EV_IRQHandler
                0x0000000008002d70                DMA1_Stream6_IRQHandler
                0x0000000008002d70                DMA1_Stream1_IRQHandler
                0x0000000008002d70                RCC_IRQHandler
                0x0000000008002d70                Default_Handler
                0x0000000008002d70                ADC_IRQHandler
                0x0000000008002d70                DMA1_Stream7_IRQHandler
                0x0000000008002d70                SPI5_IRQHandler
                0x0000000008002d70                TIM5_IRQHandler
                0x0000000008002d70                DMA2_Stream7_IRQHandler
                0x0000000008002d70                I2C3_EV_IRQHandler
                0x0000000008002d70                EXTI9_5_IRQHandler
                0x0000000008002d70                RTC_WKUP_IRQHandler
                0x0000000008002d70                SPI2_IRQHandler
                0x0000000008002d70                DMA1_Stream0_IRQHandler
                0x0000000008002d70                EXTI4_IRQHandler
                0x0000000008002d70                WWDG_IRQHandler
                0x0000000008002d70                OTG_FS_WKUP_IRQHandler
                0x0000000008002d70                TIM1_TRG_COM_TIM11_IRQHandler
                0x0000000008002d70                EXTI1_IRQHandler
                0x0000000008002d70                USART2_IRQHandler
                0x0000000008002d70                I2C2_ER_IRQHandler
                0x0000000008002d70                DMA2_Stream1_IRQHandler
                0x0000000008002d70                FLASH_IRQHandler
                0x0000000008002d70                DMA2_Stream4_IRQHandler
                0x0000000008002d70                OTG_FS_IRQHandler
                0x0000000008002d70                SPI3_IRQHandler
                0x0000000008002d70                DMA1_Stream4_IRQHandler
                0x0000000008002d70                I2C1_ER_IRQHandler
                0x0000000008002d70                DMA2_Stream6_IRQHandler
                0x0000000008002d70                DMA1_Stream3_IRQHandler
 *fill*         0x0000000008002d72        0x2 
 .text.HAL_Init
                0x0000000008002d74       0x44 ./Drivers/STM32F4xx_HAL_Driver/Src/stm32f4xx_hal.o
                0x0000000008002d74                HAL_Init
 .text.HAL_InitTick
                0x0000000008002db8       0x60 ./Drivers/STM32F4xx_HAL_Driver/Src/stm32f4xx_hal.o
                0x0000000008002db8                HAL_InitTick
 .text.HAL_IncTick
                0x0000000008002e18       0x28 ./Drivers/STM32F4xx_HAL_Driver/Src/stm32f4xx_hal.o
                0x0000000008002e18                HAL_IncTick
 .text.HAL_GetTick
                0x0000000008002e40       0x18 ./Drivers/STM32F4xx_HAL_Driver/Src/stm32f4xx_hal.o
                0x0000000008002e40                HAL_GetTick
 .text.HAL_Delay
                0x0000000008002e58       0x48 ./Drivers/STM32F4xx_HAL_Driver/Src/stm32f4xx_hal.o
                0x0000000008002e58                HAL_Delay
 .text.HAL_ADC_Init
                0x0000000008002ea0       0x86 ./Drivers/STM32F4xx_HAL_Driver/Src/stm32f4xx_hal_adc.o
                0x0000000008002ea0                HAL_ADC_Init
 *fill*         0x0000000008002f26        0x2 
 .text.HAL_ADC_Start
                0x0000000008002f28      0x168 ./Drivers/STM32F4xx_HAL_Driver/Src/stm32f4xx_hal_adc.o
                0x0000000008002f28                HAL_ADC_Start
 .text.HAL_ADC_PollForConversion
                0x0000000008003090      0x116 ./Drivers/STM32F4xx_HAL_Driver/Src/stm32f4xx_hal_adc.o
                0x0000000008003090                HAL_ADC_PollForConversion
 .text.HAL_ADC_GetValue
                0x00000000080031a6       0x1a ./Drivers/STM32F4xx_HAL_Driver/Src/stm32f4xx_hal_adc.o
                0x00000000080031a6                HAL_ADC_GetValue
 .text.HAL_ADC_ConfigChannel
                0x00000000080031c0      0x264 ./Drivers/STM32F4xx_HAL_Driver/Src/stm32f4xx_hal_adc.o
                0x00000000080031c0                HAL_ADC_ConfigChannel
 .text.ADC_Init
                0x0000000008003424      0x1f8 ./Drivers/STM32F4xx_HAL_Driver/Src/stm32f4xx_hal_adc.o
 .text.__NVIC_SetPriorityGrouping
                0x000000000800361c       0x48 ./Drivers/STM32F4xx_HAL_Driver/Src/stm32f4xx_hal_cortex.o
 .text.__NVIC_GetPriorityGrouping
                0x0000000008003664       0x1c ./Drivers/STM32F4xx_HAL_Driver/Src/stm32f4xx_hal_cortex.o
 .text.__NVIC_EnableIRQ
                0x0000000008003680       0x3c ./Drivers/STM32F4xx_HAL_Driver/Src/stm32f4xx_hal_cortex.o
 .text.__NVIC_SetPriority
                0x00000000080036bc       0x54 ./Drivers/STM32F4xx_HAL_Driver/Src/stm32f4xx_hal_cortex.o
 .text.NVIC_EncodePriority
                0x0000000008003710       0x66 ./Drivers/STM32F4xx_HAL_Driver/Src/stm32f4xx_hal_cortex.o
 *fill*         0x0000000008003776        0x2 
 .text.SysTick_Config
                0x0000000008003778       0x44 ./Drivers/STM32F4xx_HAL_Driver/Src/stm32f4xx_hal_cortex.o
 .text.HAL_NVIC_SetPriorityGrouping
                0x00000000080037bc       0x16 ./Drivers/STM32F4xx_HAL_Driver/Src/stm32f4xx_hal_cortex.o
                0x00000000080037bc                HAL_NVIC_SetPriorityGrouping
 .text.HAL_NVIC_SetPriority
                0x00000000080037d2       0x38 ./Drivers/STM32F4xx_HAL_Driver/Src/stm32f4xx_hal_cortex.o
                0x00000000080037d2                HAL_NVIC_SetPriority
 .text.HAL_NVIC_EnableIRQ
                0x000000000800380a       0x1c ./Drivers/STM32F4xx_HAL_Driver/Src/stm32f4xx_hal_cortex.o
                0x000000000800380a                HAL_NVIC_EnableIRQ
 .text.HAL_SYSTICK_Config
                0x0000000008003826       0x18 ./Drivers/STM32F4xx_HAL_Driver/Src/stm32f4xx_hal_cortex.o
                0x0000000008003826                HAL_SYSTICK_Config
 .text.HAL_DMA_Abort
                0x000000000800383e       0xe0 ./Drivers/STM32F4xx_HAL_Driver/Src/stm32f4xx_hal_dma.o
                0x000000000800383e                HAL_DMA_Abort
 .text.HAL_DMA_Abort_IT
                0x000000000800391e       0x44 ./Drivers/STM32F4xx_HAL_Driver/Src/stm32f4xx_hal_dma.o
                0x000000000800391e                HAL_DMA_Abort_IT
 *fill*         0x0000000008003962        0x2 
 .text.HAL_GPIO_Init
                0x0000000008003964      0x308 ./Drivers/STM32F4xx_HAL_Driver/Src/stm32f4xx_hal_gpio.o
                0x0000000008003964                HAL_GPIO_Init
 .text.HAL_GPIO_ReadPin
                0x0000000008003c6c       0x30 ./Drivers/STM32F4xx_HAL_Driver/Src/stm32f4xx_hal_gpio.o
                0x0000000008003c6c                HAL_GPIO_ReadPin
 .text.HAL_GPIO_WritePin
                0x0000000008003c9c       0x32 ./Drivers/STM32F4xx_HAL_Driver/Src/stm32f4xx_hal_gpio.o
                0x0000000008003c9c                HAL_GPIO_WritePin
 *fill*         0x0000000008003cce        0x2 
 .text.HAL_GPIO_EXTI_IRQHandler
                0x0000000008003cd0       0x30 ./Drivers/STM32F4xx_HAL_Driver/Src/stm32f4xx_hal_gpio.o
                0x0000000008003cd0                HAL_GPIO_EXTI_IRQHandler
 .text.HAL_GPIO_EXTI_Callback
                0x0000000008003d00       0x16 ./Drivers/STM32F4xx_HAL_Driver/Src/stm32f4xx_hal_gpio.o
                0x0000000008003d00                HAL_GPIO_EXTI_Callback
 *fill*         0x0000000008003d16        0x2 
 .text.HAL_I2C_Init
                0x0000000008003d18      0x288 ./Drivers/STM32F4xx_HAL_Driver/Src/stm32f4xx_hal_i2c.o
                0x0000000008003d18                HAL_I2C_Init
 .text.HAL_I2C_Mem_Write
                0x0000000008003fa0      0x1f4 ./Drivers/STM32F4xx_HAL_Driver/Src/stm32f4xx_hal_i2c.o
                0x0000000008003fa0                HAL_I2C_Mem_Write
 .text.I2C_RequestMemoryWrite
                0x0000000008004194      0x12c ./Drivers/STM32F4xx_HAL_Driver/Src/stm32f4xx_hal_i2c.o
 .text.I2C_WaitOnFlagUntilTimeout
                0x00000000080042c0       0xae ./Drivers/STM32F4xx_HAL_Driver/Src/stm32f4xx_hal_i2c.o
 .text.I2C_WaitOnMasterAddressFlagUntilTimeout
                0x000000000800436e       0xfe ./Drivers/STM32F4xx_HAL_Driver/Src/stm32f4xx_hal_i2c.o
 .text.I2C_WaitOnTXEFlagUntilTimeout
                0x000000000800446c       0x82 ./Drivers/STM32F4xx_HAL_Driver/Src/stm32f4xx_hal_i2c.o
 .text.I2C_WaitOnBTFFlagUntilTimeout
                0x00000000080044ee       0x82 ./Drivers/STM32F4xx_HAL_Driver/Src/stm32f4xx_hal_i2c.o
 .text.I2C_IsAcknowledgeFailed
                0x0000000008004570       0x5e ./Drivers/STM32F4xx_HAL_Driver/Src/stm32f4xx_hal_i2c.o
 *fill*         0x00000000080045ce        0x2 
 .text.HAL_RCC_OscConfig
                0x00000000080045d0      0x4f0 ./Drivers/STM32F4xx_HAL_Driver/Src/stm32f4xx_hal_rcc.o
                0x00000000080045d0                HAL_RCC_OscConfig
 .text.HAL_RCC_ClockConfig
                0x0000000008004ac0      0x1cc ./Drivers/STM32F4xx_HAL_Driver/Src/stm32f4xx_hal_rcc.o
                0x0000000008004ac0                HAL_RCC_ClockConfig
 .text.HAL_RCC_GetSysClockFreq
                0x0000000008004c8c      0x20c ./Drivers/STM32F4xx_HAL_Driver/Src/stm32f4xx_hal_rcc.o
                0x0000000008004c8c                HAL_RCC_GetSysClockFreq
 .text.HAL_RCC_GetHCLKFreq
                0x0000000008004e98       0x18 ./Drivers/STM32F4xx_HAL_Driver/Src/stm32f4xx_hal_rcc.o
                0x0000000008004e98                HAL_RCC_GetHCLKFreq
 .text.HAL_RCC_GetPCLK1Freq
                0x0000000008004eb0       0x28 ./Drivers/STM32F4xx_HAL_Driver/Src/stm32f4xx_hal_rcc.o
                0x0000000008004eb0                HAL_RCC_GetPCLK1Freq
 .text.HAL_RCC_GetPCLK2Freq
                0x0000000008004ed8       0x28 ./Drivers/STM32F4xx_HAL_Driver/Src/stm32f4xx_hal_rcc.o
                0x0000000008004ed8                HAL_RCC_GetPCLK2Freq
 .text.HAL_TIM_Base_Init
                0x0000000008004f00       0x9e ./Drivers/STM32F4xx_HAL_Driver/Src/stm32f4xx_hal_tim.o
                0x0000000008004f00                HAL_TIM_Base_Init
 *fill*         0x0000000008004f9e        0x2 
 .text.HAL_TIM_Base_Start
                0x0000000008004fa0       0xb4 ./Drivers/STM32F4xx_HAL_Driver/Src/stm32f4xx_hal_tim.o
                0x0000000008004fa0                HAL_TIM_Base_Start
 .text.HAL_TIM_Base_Start_IT
                0x0000000008005054       0xc4 ./Drivers/STM32F4xx_HAL_Driver/Src/stm32f4xx_hal_tim.o
                0x0000000008005054                HAL_TIM_Base_Start_IT
 .text.HAL_TIM_IRQHandler
                0x0000000008005118      0x210 ./Drivers/STM32F4xx_HAL_Driver/Src/stm32f4xx_hal_tim.o
                0x0000000008005118                HAL_TIM_IRQHandler
 .text.HAL_TIM_ConfigClockSource
                0x0000000008005328      0x18e ./Drivers/STM32F4xx_HAL_Driver/Src/stm32f4xx_hal_tim.o
                0x0000000008005328                HAL_TIM_ConfigClockSource
 .text.HAL_TIM_OC_DelayElapsedCallback
                0x00000000080054b6       0x14 ./Drivers/STM32F4xx_HAL_Driver/Src/stm32f4xx_hal_tim.o
                0x00000000080054b6                HAL_TIM_OC_DelayElapsedCallback
 .text.HAL_TIM_IC_CaptureCallback
                0x00000000080054ca       0x14 ./Drivers/STM32F4xx_HAL_Driver/Src/stm32f4xx_hal_tim.o
                0x00000000080054ca                HAL_TIM_IC_CaptureCallback
 .text.HAL_TIM_PWM_PulseFinishedCallback
                0x00000000080054de       0x14 ./Drivers/STM32F4xx_HAL_Driver/Src/stm32f4xx_hal_tim.o
                0x00000000080054de                HAL_TIM_PWM_PulseFinishedCallback
 .text.HAL_TIM_TriggerCallback
                0x00000000080054f2       0x14 ./Drivers/STM32F4xx_HAL_Driver/Src/stm32f4xx_hal_tim.o
                0x00000000080054f2                HAL_TIM_TriggerCallback
 *fill*         0x0000000008005506        0x2 
 .text.TIM_Base_SetConfig
                0x0000000008005508      0x100 ./Drivers/STM32F4xx_HAL_Driver/Src/stm32f4xx_hal_tim.o
                0x0000000008005508                TIM_Base_SetConfig
 .text.TIM_TI1_ConfigInputStage
                0x0000000008005608       0x5e ./Drivers/STM32F4xx_HAL_Driver/Src/stm32f4xx_hal_tim.o
 .text.TIM_TI2_ConfigInputStage
                0x0000000008005666       0x60 ./Drivers/STM32F4xx_HAL_Driver/Src/stm32f4xx_hal_tim.o
 .text.TIM_ITRx_SetConfig
                0x00000000080056c6       0x36 ./Drivers/STM32F4xx_HAL_Driver/Src/stm32f4xx_hal_tim.o
 .text.TIM_ETR_SetConfig
                0x00000000080056fc       0x40 ./Drivers/STM32F4xx_HAL_Driver/Src/stm32f4xx_hal_tim.o
                0x00000000080056fc                TIM_ETR_SetConfig
 .text.HAL_TIMEx_MasterConfigSynchronization
                0x000000000800573c       0xdc ./Drivers/STM32F4xx_HAL_Driver/Src/stm32f4xx_hal_tim_ex.o
                0x000000000800573c                HAL_TIMEx_MasterConfigSynchronization
 .text.HAL_TIMEx_CommutCallback
                0x0000000008005818       0x14 ./Drivers/STM32F4xx_HAL_Driver/Src/stm32f4xx_hal_tim_ex.o
                0x0000000008005818                HAL_TIMEx_CommutCallback
 .text.HAL_TIMEx_BreakCallback
                0x000000000800582c       0x14 ./Drivers/STM32F4xx_HAL_Driver/Src/stm32f4xx_hal_tim_ex.o
                0x000000000800582c                HAL_TIMEx_BreakCallback
 .text.HAL_UART_Init
                0x0000000008005840       0x9a ./Drivers/STM32F4xx_HAL_Driver/Src/stm32f4xx_hal_uart.o
                0x0000000008005840                HAL_UART_Init
 .text.HAL_UART_Transmit
                0x00000000080058da      0x124 ./Drivers/STM32F4xx_HAL_Driver/Src/stm32f4xx_hal_uart.o
                0x00000000080058da                HAL_UART_Transmit
 .text.HAL_UART_Receive_IT
                0x00000000080059fe       0x60 ./Drivers/STM32F4xx_HAL_Driver/Src/stm32f4xx_hal_uart.o
                0x00000000080059fe                HAL_UART_Receive_IT
 *fill*         0x0000000008005a5e        0x2 
 .text.HAL_UART_IRQHandler
                0x0000000008005a60      0x51c ./Drivers/STM32F4xx_HAL_Driver/Src/stm32f4xx_hal_uart.o
                0x0000000008005a60                HAL_UART_IRQHandler
 .text.HAL_UART_TxCpltCallback
                0x0000000008005f7c       0x14 ./Drivers/STM32F4xx_HAL_Driver/Src/stm32f4xx_hal_uart.o
                0x0000000008005f7c                HAL_UART_TxCpltCallback
 .text.HAL_UART_ErrorCallback
                0x0000000008005f90       0x14 ./Drivers/STM32F4xx_HAL_Driver/Src/stm32f4xx_hal_uart.o
                0x0000000008005f90                HAL_UART_ErrorCallback
 .text.HAL_UARTEx_RxEventCallback
                0x0000000008005fa4       0x18 ./Drivers/STM32F4xx_HAL_Driver/Src/stm32f4xx_hal_uart.o
                0x0000000008005fa4                HAL_UARTEx_RxEventCallback
 .text.UART_WaitOnFlagUntilTimeout
                0x0000000008005fbc       0xdc ./Drivers/STM32F4xx_HAL_Driver/Src/stm32f4xx_hal_uart.o
 .text.UART_Start_Receive_IT
                0x0000000008006098       0x7c ./Drivers/STM32F4xx_HAL_Driver/Src/stm32f4xx_hal_uart.o
                0x0000000008006098                UART_Start_Receive_IT
 .text.UART_EndRxTransfer
                0x0000000008006114       0xc6 ./Drivers/STM32F4xx_HAL_Driver/Src/stm32f4xx_hal_uart.o
 .text.UART_DMAAbortOnError
                0x00000000080061da       0x28 ./Drivers/STM32F4xx_HAL_Driver/Src/stm32f4xx_hal_uart.o
 .text.UART_Transmit_IT
                0x0000000008006202       0xa0 ./Drivers/STM32F4xx_HAL_Driver/Src/stm32f4xx_hal_uart.o
 .text.UART_EndTransmit_IT
                0x00000000080062a2       0x30 ./Drivers/STM32F4xx_HAL_Driver/Src/stm32f4xx_hal_uart.o
 .text.UART_Receive_IT
                0x00000000080062d2      0x176 ./Drivers/STM32F4xx_HAL_Driver/Src/stm32f4xx_hal_uart.o
 .text.UART_SetConfig
                0x0000000008006448      0x4e8 ./Drivers/STM32F4xx_HAL_Driver/Src/stm32f4xx_hal_uart.o
 .text.__errno  0x0000000008006930        0xc d:/program files/stm32cubeide_1.11.0/stm32cubeide/plugins/com.st.stm32cube.ide.mcu.externaltools.gnu-tools-for-stm32.10.3-2021.10.win32_1.0.200.202301161003/tools/bin/../lib/gcc/arm-none-eabi/10.3.1/../../../../arm-none-eabi/lib/thumb/v7e-m+fp/hard\libc_nano.a(lib_a-errno.o)
                0x0000000008006930                __errno
 .text.__libc_init_array
                0x000000000800693c       0x48 d:/program files/stm32cubeide_1.11.0/stm32cubeide/plugins/com.st.stm32cube.ide.mcu.externaltools.gnu-tools-for-stm32.10.3-2021.10.win32_1.0.200.202301161003/tools/bin/../lib/gcc/arm-none-eabi/10.3.1/../../../../arm-none-eabi/lib/thumb/v7e-m+fp/hard\libc_nano.a(lib_a-init.o)
                0x000000000800693c                __libc_init_array
 .text.memset   0x0000000008006984       0x10 d:/program files/stm32cubeide_1.11.0/stm32cubeide/plugins/com.st.stm32cube.ide.mcu.externaltools.gnu-tools-for-stm32.10.3-2021.10.win32_1.0.200.202301161003/tools/bin/../lib/gcc/arm-none-eabi/10.3.1/../../../../arm-none-eabi/lib/thumb/v7e-m+fp/hard\libc_nano.a(lib_a-memset.o)
                0x0000000008006984                memset
 .text.sprintf  0x0000000008006994       0x40 d:/program files/stm32cubeide_1.11.0/stm32cubeide/plugins/com.st.stm32cube.ide.mcu.externaltools.gnu-tools-for-stm32.10.3-2021.10.win32_1.0.200.202301161003/tools/bin/../lib/gcc/arm-none-eabi/10.3.1/../../../../arm-none-eabi/lib/thumb/v7e-m+fp/hard\libc_nano.a(lib_a-sprintf.o)
                0x0000000008006994                siprintf
                0x0000000008006994                sprintf
 .text.__ssputs_r
                0x00000000080069d4       0xb6 d:/program files/stm32cubeide_1.11.0/stm32cubeide/plugins/com.st.stm32cube.ide.mcu.externaltools.gnu-tools-for-stm32.10.3-2021.10.win32_1.0.200.202301161003/tools/bin/../lib/gcc/arm-none-eabi/10.3.1/../../../../arm-none-eabi/lib/thumb/v7e-m+fp/hard\libc_nano.a(lib_a-nano-svfprintf.o)
                0x00000000080069d4                __ssputs_r
 *fill*         0x0000000008006a8a        0x2 
 .text._svfprintf_r
                0x0000000008006a8c      0x200 d:/program files/stm32cubeide_1.11.0/stm32cubeide/plugins/com.st.stm32cube.ide.mcu.externaltools.gnu-tools-for-stm32.10.3-2021.10.win32_1.0.200.202301161003/tools/bin/../lib/gcc/arm-none-eabi/10.3.1/../../../../arm-none-eabi/lib/thumb/v7e-m+fp/hard\libc_nano.a(lib_a-nano-svfprintf.o)
                0x0000000008006a8c                _svfiprintf_r
                0x0000000008006a8c                _svfprintf_r
 .text._printf_common
                0x0000000008006c8c       0xda d:/program files/stm32cubeide_1.11.0/stm32cubeide/plugins/com.st.stm32cube.ide.mcu.externaltools.gnu-tools-for-stm32.10.3-2021.10.win32_1.0.200.202301161003/tools/bin/../lib/gcc/arm-none-eabi/10.3.1/../../../../arm-none-eabi/lib/thumb/v7e-m+fp/hard\libc_nano.a(lib_a-nano-vfprintf_i.o)
                0x0000000008006c8c                _printf_common
 *fill*         0x0000000008006d66        0x2 
 .text._printf_i
                0x0000000008006d68      0x24c d:/program files/stm32cubeide_1.11.0/stm32cubeide/plugins/com.st.stm32cube.ide.mcu.externaltools.gnu-tools-for-stm32.10.3-2021.10.win32_1.0.200.202301161003/tools/bin/../lib/gcc/arm-none-eabi/10.3.1/../../../../arm-none-eabi/lib/thumb/v7e-m+fp/hard\libc_nano.a(lib_a-nano-vfprintf_i.o)
                0x0000000008006d68                _printf_i
 .text.memcpy   0x0000000008006fb4       0x1c d:/program files/stm32cubeide_1.11.0/stm32cubeide/plugins/com.st.stm32cube.ide.mcu.externaltools.gnu-tools-for-stm32.10.3-2021.10.win32_1.0.200.202301161003/tools/bin/../lib/gcc/arm-none-eabi/10.3.1/../../../../arm-none-eabi/lib/thumb/v7e-m+fp/hard\libc_nano.a(lib_a-memcpy-stub.o)
                0x0000000008006fb4                memcpy
 .text.memmove  0x0000000008006fd0       0x34 d:/program files/stm32cubeide_1.11.0/stm32cubeide/plugins/com.st.stm32cube.ide.mcu.externaltools.gnu-tools-for-stm32.10.3-2021.10.win32_1.0.200.202301161003/tools/bin/../lib/gcc/arm-none-eabi/10.3.1/../../../../arm-none-eabi/lib/thumb/v7e-m+fp/hard\libc_nano.a(lib_a-memmove.o)
                0x0000000008006fd0                memmove
 .text._free_r  0x0000000008007004       0x98 d:/program files/stm32cubeide_1.11.0/stm32cubeide/plugins/com.st.stm32cube.ide.mcu.externaltools.gnu-tools-for-stm32.10.3-2021.10.win32_1.0.200.202301161003/tools/bin/../lib/gcc/arm-none-eabi/10.3.1/../../../../arm-none-eabi/lib/thumb/v7e-m+fp/hard\libc_nano.a(lib_a-nano-freer.o)
                0x0000000008007004                _free_r
 .text.sbrk_aligned
                0x000000000800709c       0x40 d:/program files/stm32cubeide_1.11.0/stm32cubeide/plugins/com.st.stm32cube.ide.mcu.externaltools.gnu-tools-for-stm32.10.3-2021.10.win32_1.0.200.202301161003/tools/bin/../lib/gcc/arm-none-eabi/10.3.1/../../../../arm-none-eabi/lib/thumb/v7e-m+fp/hard\libc_nano.a(lib_a-nano-mallocr.o)
 .text._malloc_r
                0x00000000080070dc       0xe8 d:/program files/stm32cubeide_1.11.0/stm32cubeide/plugins/com.st.stm32cube.ide.mcu.externaltools.gnu-tools-for-stm32.10.3-2021.10.win32_1.0.200.202301161003/tools/bin/../lib/gcc/arm-none-eabi/10.3.1/../../../../arm-none-eabi/lib/thumb/v7e-m+fp/hard\libc_nano.a(lib_a-nano-mallocr.o)
                0x00000000080070dc                _malloc_r
 .text._realloc_r
                0x00000000080071c4       0x5e d:/program files/stm32cubeide_1.11.0/stm32cubeide/plugins/com.st.stm32cube.ide.mcu.externaltools.gnu-tools-for-stm32.10.3-2021.10.win32_1.0.200.202301161003/tools/bin/../lib/gcc/arm-none-eabi/10.3.1/../../../../arm-none-eabi/lib/thumb/v7e-m+fp/hard\libc_nano.a(lib_a-nano-reallocr.o)
                0x00000000080071c4                _realloc_r
 *fill*         0x0000000008007222        0x2 
 .text._sbrk_r  0x0000000008007224       0x20 d:/program files/stm32cubeide_1.11.0/stm32cubeide/plugins/com.st.stm32cube.ide.mcu.externaltools.gnu-tools-for-stm32.10.3-2021.10.win32_1.0.200.202301161003/tools/bin/../lib/gcc/arm-none-eabi/10.3.1/../../../../arm-none-eabi/lib/thumb/v7e-m+fp/hard\libc_nano.a(lib_a-sbrkr.o)
                0x0000000008007224                _sbrk_r
 .text.__malloc_lock
                0x0000000008007244        0xc d:/program files/stm32cubeide_1.11.0/stm32cubeide/plugins/com.st.stm32cube.ide.mcu.externaltools.gnu-tools-for-stm32.10.3-2021.10.win32_1.0.200.202301161003/tools/bin/../lib/gcc/arm-none-eabi/10.3.1/../../../../arm-none-eabi/lib/thumb/v7e-m+fp/hard\libc_nano.a(lib_a-mlock.o)
                0x0000000008007244                __malloc_lock
 .text.__malloc_unlock
                0x0000000008007250        0xc d:/program files/stm32cubeide_1.11.0/stm32cubeide/plugins/com.st.stm32cube.ide.mcu.externaltools.gnu-tools-for-stm32.10.3-2021.10.win32_1.0.200.202301161003/tools/bin/../lib/gcc/arm-none-eabi/10.3.1/../../../../arm-none-eabi/lib/thumb/v7e-m+fp/hard\libc_nano.a(lib_a-mlock.o)
                0x0000000008007250                __malloc_unlock
 .text._malloc_usable_size_r
                0x000000000800725c       0x10 d:/program files/stm32cubeide_1.11.0/stm32cubeide/plugins/com.st.stm32cube.ide.mcu.externaltools.gnu-tools-for-stm32.10.3-2021.10.win32_1.0.200.202301161003/tools/bin/../lib/gcc/arm-none-eabi/10.3.1/../../../../arm-none-eabi/lib/thumb/v7e-m+fp/hard\libc_nano.a(lib_a-nano-msizer.o)
                0x000000000800725c                _malloc_usable_size_r
 .text.__retarget_lock_acquire_recursive
                0x000000000800726c        0x2 d:/program files/stm32cubeide_1.11.0/stm32cubeide/plugins/com.st.stm32cube.ide.mcu.externaltools.gnu-tools-for-stm32.10.3-2021.10.win32_1.0.200.202301161003/tools/bin/../lib/gcc/arm-none-eabi/10.3.1/../../../../arm-none-eabi/lib/thumb/v7e-m+fp/hard\libc_nano.a(lib_a-lock.o)
                0x000000000800726c                __retarget_lock_acquire_recursive
 .text.__retarget_lock_release_recursive
                0x000000000800726e        0x2 d:/program files/stm32cubeide_1.11.0/stm32cubeide/plugins/com.st.stm32cube.ide.mcu.externaltools.gnu-tools-for-stm32.10.3-2021.10.win32_1.0.200.202301161003/tools/bin/../lib/gcc/arm-none-eabi/10.3.1/../../../../arm-none-eabi/lib/thumb/v7e-m+fp/hard\libc_nano.a(lib_a-lock.o)
                0x000000000800726e                __retarget_lock_release_recursive
 *(.glue_7)
 .glue_7        0x0000000008007270        0x0 linker stubs
 *(.glue_7t)
 .glue_7t       0x0000000008007270        0x0 linker stubs
 *(.eh_frame)
 .eh_frame      0x0000000008007270        0x0 d:/program files/stm32cubeide_1.11.0/stm32cubeide/plugins/com.st.stm32cube.ide.mcu.externaltools.gnu-tools-for-stm32.10.3-2021.10.win32_1.0.200.202301161003/tools/bin/../lib/gcc/arm-none-eabi/10.3.1/thumb/v7e-m+fp/hard/crtbegin.o
 *(.init)
 .init          0x0000000008007270        0x4 d:/program files/stm32cubeide_1.11.0/stm32cubeide/plugins/com.st.stm32cube.ide.mcu.externaltools.gnu-tools-for-stm32.10.3-2021.10.win32_1.0.200.202301161003/tools/bin/../lib/gcc/arm-none-eabi/10.3.1/thumb/v7e-m+fp/hard/crti.o
                0x0000000008007270                _init
 .init          0x0000000008007274        0x8 d:/program files/stm32cubeide_1.11.0/stm32cubeide/plugins/com.st.stm32cube.ide.mcu.externaltools.gnu-tools-for-stm32.10.3-2021.10.win32_1.0.200.202301161003/tools/bin/../lib/gcc/arm-none-eabi/10.3.1/thumb/v7e-m+fp/hard/crtn.o
 *(.fini)
 .fini          0x000000000800727c        0x4 d:/program files/stm32cubeide_1.11.0/stm32cubeide/plugins/com.st.stm32cube.ide.mcu.externaltools.gnu-tools-for-stm32.10.3-2021.10.win32_1.0.200.202301161003/tools/bin/../lib/gcc/arm-none-eabi/10.3.1/thumb/v7e-m+fp/hard/crti.o
                0x000000000800727c                _fini
 .fini          0x0000000008007280        0x8 d:/program files/stm32cubeide_1.11.0/stm32cubeide/plugins/com.st.stm32cube.ide.mcu.externaltools.gnu-tools-for-stm32.10.3-2021.10.win32_1.0.200.202301161003/tools/bin/../lib/gcc/arm-none-eabi/10.3.1/thumb/v7e-m+fp/hard/crtn.o
                0x0000000008007288                . = ALIGN (0x4)
                0x0000000008007288                _etext = .

.vfp11_veneer   0x0000000008007288        0x0
 .vfp11_veneer  0x0000000008007288        0x0 linker stubs

.v4_bx          0x0000000008007288        0x0
 .v4_bx         0x0000000008007288        0x0 linker stubs

.iplt           0x0000000008007288        0x0
 .iplt          0x0000000008007288        0x0 d:/program files/stm32cubeide_1.11.0/stm32cubeide/plugins/com.st.stm32cube.ide.mcu.externaltools.gnu-tools-for-stm32.10.3-2021.10.win32_1.0.200.202301161003/tools/bin/../lib/gcc/arm-none-eabi/10.3.1/thumb/v7e-m+fp/hard/crtbegin.o

.rodata         0x0000000008007288      0xe10
                0x0000000008007288                . = ALIGN (0x4)
 *(.rodata)
 .rodata        0x0000000008007288       0x67 ./Core/Src/main.o
 *(.rodata*)
 *fill*         0x00000000080072ef        0x1 
 .rodata.font11x18_data
                0x00000000080072f0      0xd5c ./Core/Inc/ssd1306_font.o
 .rodata.AHBPrescTable
                0x000000000800804c       0x10 ./Core/Src/system_stm32f4xx.o
                0x000000000800804c                AHBPrescTable
 .rodata.APBPrescTable
                0x000000000800805c        0x8 ./Core/Src/system_stm32f4xx.o
                0x000000000800805c                APBPrescTable
 .rodata._svfprintf_r.str1.1
                0x0000000008008064       0x11 d:/program files/stm32cubeide_1.11.0/stm32cubeide/plugins/com.st.stm32cube.ide.mcu.externaltools.gnu-tools-for-stm32.10.3-2021.10.win32_1.0.200.202301161003/tools/bin/../lib/gcc/arm-none-eabi/10.3.1/../../../../arm-none-eabi/lib/thumb/v7e-m+fp/hard\libc_nano.a(lib_a-nano-svfprintf.o)
 .rodata._printf_i.str1.1
                0x0000000008008075       0x22 d:/program files/stm32cubeide_1.11.0/stm32cubeide/plugins/com.st.stm32cube.ide.mcu.externaltools.gnu-tools-for-stm32.10.3-2021.10.win32_1.0.200.202301161003/tools/bin/../lib/gcc/arm-none-eabi/10.3.1/../../../../arm-none-eabi/lib/thumb/v7e-m+fp/hard\libc_nano.a(lib_a-nano-vfprintf_i.o)
                0x0000000008008098                . = ALIGN (0x4)
 *fill*         0x0000000008008097        0x1 

.ARM.extab      0x0000000008008098        0x0
                0x0000000008008098                . = ALIGN (0x4)
 *(.ARM.extab* .gnu.linkonce.armextab.*)
                0x0000000008008098                . = ALIGN (0x4)

.ARM            0x0000000008008098        0x8
                0x0000000008008098                . = ALIGN (0x4)
                0x0000000008008098                __exidx_start = .
 *(.ARM.exidx*)
 .ARM.exidx     0x0000000008008098        0x8 d:/program files/stm32cubeide_1.11.0/stm32cubeide/plugins/com.st.stm32cube.ide.mcu.externaltools.gnu-tools-for-stm32.10.3-2021.10.win32_1.0.200.202301161003/tools/bin/../lib/gcc/arm-none-eabi/10.3.1/thumb/v7e-m+fp/hard\libgcc.a(_udivmoddi4.o)
                0x00000000080080a0                __exidx_end = .
                0x00000000080080a0                . = ALIGN (0x4)

.rel.dyn        0x00000000080080a0        0x0
 .rel.iplt      0x00000000080080a0        0x0 d:/program files/stm32cubeide_1.11.0/stm32cubeide/plugins/com.st.stm32cube.ide.mcu.externaltools.gnu-tools-for-stm32.10.3-2021.10.win32_1.0.200.202301161003/tools/bin/../lib/gcc/arm-none-eabi/10.3.1/thumb/v7e-m+fp/hard/crtbegin.o

.preinit_array  0x00000000080080a0        0x0
                0x00000000080080a0                . = ALIGN (0x4)
                0x00000000080080a0                PROVIDE (__preinit_array_start = .)
 *(.preinit_array*)
                0x00000000080080a0                PROVIDE (__preinit_array_end = .)
                0x00000000080080a0                . = ALIGN (0x4)

.init_array     0x00000000080080a0        0x4
                0x00000000080080a0                . = ALIGN (0x4)
                0x00000000080080a0                PROVIDE (__init_array_start = .)
 *(SORT_BY_NAME(.init_array.*))
 *(.init_array*)
 .init_array    0x00000000080080a0        0x4 d:/program files/stm32cubeide_1.11.0/stm32cubeide/plugins/com.st.stm32cube.ide.mcu.externaltools.gnu-tools-for-stm32.10.3-2021.10.win32_1.0.200.202301161003/tools/bin/../lib/gcc/arm-none-eabi/10.3.1/thumb/v7e-m+fp/hard/crtbegin.o
                0x00000000080080a4                PROVIDE (__init_array_end = .)
                0x00000000080080a4                . = ALIGN (0x4)

.fini_array     0x00000000080080a4        0x4
                0x00000000080080a4                . = ALIGN (0x4)
                [!provide]                        PROVIDE (__fini_array_start = .)
 *(SORT_BY_NAME(.fini_array.*))
 *(.fini_array*)
 .fini_array    0x00000000080080a4        0x4 d:/program files/stm32cubeide_1.11.0/stm32cubeide/plugins/com.st.stm32cube.ide.mcu.externaltools.gnu-tools-for-stm32.10.3-2021.10.win32_1.0.200.202301161003/tools/bin/../lib/gcc/arm-none-eabi/10.3.1/thumb/v7e-m+fp/hard/crtbegin.o
                [!provide]                        PROVIDE (__fini_array_end = .)
                0x00000000080080a8                . = ALIGN (0x4)
                0x00000000080080a8                _sidata = LOADADDR (.data)

.data           0x0000000020000000       0x78 load address 0x00000000080080a8
                0x0000000020000000                . = ALIGN (0x4)
                0x0000000020000000                _sdata = .
 *(.data)
 *(.data*)
 .data.font11x18
                0x0000000020000000        0x8 ./Core/Inc/ssd1306_font.o
                0x0000000020000000                font11x18
 .data.SystemCoreClock
                0x0000000020000008        0x4 ./Core/Src/system_stm32f4xx.o
                0x0000000020000008                SystemCoreClock
 .data.uwTickPrio
                0x000000002000000c        0x4 ./Drivers/STM32F4xx_HAL_Driver/Src/stm32f4xx_hal.o
                0x000000002000000c                uwTickPrio
 .data.uwTickFreq
                0x0000000020000010        0x1 ./Drivers/STM32F4xx_HAL_Driver/Src/stm32f4xx_hal.o
                0x0000000020000010                uwTickFreq
 *fill*         0x0000000020000011        0x3 
 .data._impure_ptr
                0x0000000020000014        0x4 d:/program files/stm32cubeide_1.11.0/stm32cubeide/plugins/com.st.stm32cube.ide.mcu.externaltools.gnu-tools-for-stm32.10.3-2021.10.win32_1.0.200.202301161003/tools/bin/../lib/gcc/arm-none-eabi/10.3.1/../../../../arm-none-eabi/lib/thumb/v7e-m+fp/hard\libc_nano.a(lib_a-impure.o)
                0x0000000020000014                _impure_ptr
 .data.impure_data
                0x0000000020000018       0x60 d:/program files/stm32cubeide_1.11.0/stm32cubeide/plugins/com.st.stm32cube.ide.mcu.externaltools.gnu-tools-for-stm32.10.3-2021.10.win32_1.0.200.202301161003/tools/bin/../lib/gcc/arm-none-eabi/10.3.1/../../../../arm-none-eabi/lib/thumb/v7e-m+fp/hard\libc_nano.a(lib_a-impure.o)
 *(.RamFunc)
 *(.RamFunc*)
                0x0000000020000078                . = ALIGN (0x4)
                0x0000000020000078                _edata = .

.igot.plt       0x0000000020000078        0x0 load address 0x0000000008008120
 .igot.plt      0x0000000020000078        0x0 d:/program files/stm32cubeide_1.11.0/stm32cubeide/plugins/com.st.stm32cube.ide.mcu.externaltools.gnu-tools-for-stm32.10.3-2021.10.win32_1.0.200.202301161003/tools/bin/../lib/gcc/arm-none-eabi/10.3.1/thumb/v7e-m+fp/hard/crtbegin.o
                0x0000000020000078                . = ALIGN (0x4)

.bss            0x0000000020000078      0x6d4 load address 0x0000000008008120
                0x0000000020000078                _sbss = .
                0x0000000020000078                __bss_start__ = _sbss
 *(.bss)
 .bss           0x0000000020000078       0x1c d:/program files/stm32cubeide_1.11.0/stm32cubeide/plugins/com.st.stm32cube.ide.mcu.externaltools.gnu-tools-for-stm32.10.3-2021.10.win32_1.0.200.202301161003/tools/bin/../lib/gcc/arm-none-eabi/10.3.1/thumb/v7e-m+fp/hard/crtbegin.o
 *(.bss*)
 .bss.ds18b20   0x0000000020000094       0x40 ./Core/Inc/ds18b20.o
                0x0000000020000094                ds18b20
 .bss.OneWire   0x00000000200000d4       0x14 ./Core/Inc/ds18b20.o
                0x00000000200000d4                OneWire
 .bss.TempSensorCount
                0x00000000200000e8        0x1 ./Core/Inc/ds18b20.o
                0x00000000200000e8                TempSensorCount
 *fill*         0x00000000200000e9        0x3 
 .bss.ssd1306_buffer
                0x00000000200000ec      0x400 ./Core/Inc/ssd1306.o
 .bss.cursor    0x00000000200004ec        0x2 ./Core/Inc/ssd1306.o
 *fill*         0x00000000200004ee        0x2 
 .bss.current_font
                0x00000000200004f0        0x8 ./Core/Inc/ssd1306.o
                0x00000000200004f0                current_font
 .bss.hadc1     0x00000000200004f8       0x48 ./Core/Src/main.o
                0x00000000200004f8                hadc1
 .bss.hi2c1     0x0000000020000540       0x54 ./Core/Src/main.o
                0x0000000020000540                hi2c1
 .bss.htim1     0x0000000020000594       0x48 ./Core/Src/main.o
                0x0000000020000594                htim1
 .bss.htim2     0x00000000200005dc       0x48 ./Core/Src/main.o
                0x00000000200005dc                htim2
 .bss.htim3     0x0000000020000624       0x48 ./Core/Src/main.o
                0x0000000020000624                htim3
 .bss.huart1    0x000000002000066c       0x44 ./Core/Src/main.o
                0x000000002000066c                huart1
 .bss.huart2    0x00000000200006b0       0x44 ./Core/Src/main.o
                0x00000000200006b0                huart2
 .bss.workingInProgress
                0x00000000200006f4        0x4 ./Core/Src/main.o
                0x00000000200006f4                workingInProgress
 .bss.dataPrepared
                0x00000000200006f8        0x4 ./Core/Src/main.o
                0x00000000200006f8                dataPrepared
 .bss.currentPositionOfBuffer
                0x00000000200006fc        0x4 ./Core/Src/main.o
                0x00000000200006fc                currentPositionOfBuffer
 .bss.pressedButton
                0x0000000020000700        0x4 ./Core/Src/main.o
                0x0000000020000700                pressedButton
 .bss.buffer    0x0000000020000704       0x14 ./Core/Src/main.o
                0x0000000020000704                buffer
 .bss.receivedData
                0x0000000020000718        0xa ./Core/Src/main.o
                0x0000000020000718                receivedData
 *fill*         0x0000000020000722        0x2 
 .bss.sConfig   0x0000000020000724       0x10 ./Core/Src/main.o
                0x0000000020000724                sConfig
 .bss.__sbrk_heap_end
                0x0000000020000734        0x4 ./Core/Src/sysmem.o
 .bss.uwTick    0x0000000020000738        0x4 ./Drivers/STM32F4xx_HAL_Driver/Src/stm32f4xx_hal.o
                0x0000000020000738                uwTick
 .bss.__malloc_free_list
                0x000000002000073c        0x4 d:/program files/stm32cubeide_1.11.0/stm32cubeide/plugins/com.st.stm32cube.ide.mcu.externaltools.gnu-tools-for-stm32.10.3-2021.10.win32_1.0.200.202301161003/tools/bin/../lib/gcc/arm-none-eabi/10.3.1/../../../../arm-none-eabi/lib/thumb/v7e-m+fp/hard\libc_nano.a(lib_a-nano-mallocr.o)
                0x000000002000073c                __malloc_free_list
 .bss.__malloc_sbrk_start
                0x0000000020000740        0x4 d:/program files/stm32cubeide_1.11.0/stm32cubeide/plugins/com.st.stm32cube.ide.mcu.externaltools.gnu-tools-for-stm32.10.3-2021.10.win32_1.0.200.202301161003/tools/bin/../lib/gcc/arm-none-eabi/10.3.1/../../../../arm-none-eabi/lib/thumb/v7e-m+fp/hard\libc_nano.a(lib_a-nano-mallocr.o)
                0x0000000020000740                __malloc_sbrk_start
 .bss.errno     0x0000000020000744        0x4 d:/program files/stm32cubeide_1.11.0/stm32cubeide/plugins/com.st.stm32cube.ide.mcu.externaltools.gnu-tools-for-stm32.10.3-2021.10.win32_1.0.200.202301161003/tools/bin/../lib/gcc/arm-none-eabi/10.3.1/../../../../arm-none-eabi/lib/thumb/v7e-m+fp/hard\libc_nano.a(lib_a-reent.o)
                0x0000000020000744                errno
 .bss.__lock___malloc_recursive_mutex
                0x0000000020000748        0x1 d:/program files/stm32cubeide_1.11.0/stm32cubeide/plugins/com.st.stm32cube.ide.mcu.externaltools.gnu-tools-for-stm32.10.3-2021.10.win32_1.0.200.202301161003/tools/bin/../lib/gcc/arm-none-eabi/10.3.1/../../../../arm-none-eabi/lib/thumb/v7e-m+fp/hard\libc_nano.a(lib_a-lock.o)
                0x0000000020000748                __lock___malloc_recursive_mutex
 *(COMMON)
                0x000000002000074c                . = ALIGN (0x4)
 *fill*         0x0000000020000749        0x3 
                0x000000002000074c                _ebss = .
                0x000000002000074c                __bss_end__ = _ebss

._user_heap_stack
                0x000000002000074c      0x604 load address 0x0000000008008120
                0x0000000020000750                . = ALIGN (0x8)
 *fill*         0x000000002000074c        0x4 
                [!provide]                        PROVIDE (end = .)
                0x0000000020000750                PROVIDE (_end = .)
                0x0000000020000950                . = (. + _Min_Heap_Size)
 *fill*         0x0000000020000750      0x200 
                0x0000000020000d50                . = (. + _Min_Stack_Size)
 *fill*         0x0000000020000950      0x400 
                0x0000000020000d50                . = ALIGN (0x8)

/DISCARD/
 libc.a(*)
 libm.a(*)
 libgcc.a(*)

.ARM.attributes
                0x0000000000000000       0x30
 *(.ARM.attributes)
 .ARM.attributes
                0x0000000000000000       0x1e d:/program files/stm32cubeide_1.11.0/stm32cubeide/plugins/com.st.stm32cube.ide.mcu.externaltools.gnu-tools-for-stm32.10.3-2021.10.win32_1.0.200.202301161003/tools/bin/../lib/gcc/arm-none-eabi/10.3.1/thumb/v7e-m+fp/hard/crti.o
 .ARM.attributes
                0x000000000000001e       0x34 d:/program files/stm32cubeide_1.11.0/stm32cubeide/plugins/com.st.stm32cube.ide.mcu.externaltools.gnu-tools-for-stm32.10.3-2021.10.win32_1.0.200.202301161003/tools/bin/../lib/gcc/arm-none-eabi/10.3.1/thumb/v7e-m+fp/hard/crtbegin.o
 .ARM.attributes
                0x0000000000000052       0x34 ./Core/Inc/ds18b20.o
 .ARM.attributes
                0x0000000000000086       0x34 ./Core/Inc/onewire.o
 .ARM.attributes
                0x00000000000000ba       0x34 ./Core/Inc/ssd1306.o
 .ARM.attributes
                0x00000000000000ee       0x34 ./Core/Inc/ssd1306_font.o
 .ARM.attributes
                0x0000000000000122       0x34 ./Core/Src/main.o
 .ARM.attributes
                0x0000000000000156       0x34 ./Core/Src/stm32f4xx_hal_msp.o
 .ARM.attributes
                0x000000000000018a       0x34 ./Core/Src/stm32f4xx_it.o
 .ARM.attributes
                0x00000000000001be       0x34 ./Core/Src/sysmem.o
 .ARM.attributes
                0x00000000000001f2       0x34 ./Core/Src/system_stm32f4xx.o
 .ARM.attributes
                0x0000000000000226       0x21 ./Core/Startup/startup_stm32f411retx.o
 .ARM.attributes
                0x0000000000000247       0x34 ./Drivers/STM32F4xx_HAL_Driver/Src/stm32f4xx_hal.o
 .ARM.attributes
                0x000000000000027b       0x34 ./Drivers/STM32F4xx_HAL_Driver/Src/stm32f4xx_hal_adc.o
 .ARM.attributes
                0x00000000000002af       0x34 ./Drivers/STM32F4xx_HAL_Driver/Src/stm32f4xx_hal_cortex.o
 .ARM.attributes
                0x00000000000002e3       0x34 ./Drivers/STM32F4xx_HAL_Driver/Src/stm32f4xx_hal_dma.o
 .ARM.attributes
                0x0000000000000317       0x34 ./Drivers/STM32F4xx_HAL_Driver/Src/stm32f4xx_hal_gpio.o
 .ARM.attributes
                0x000000000000034b       0x34 ./Drivers/STM32F4xx_HAL_Driver/Src/stm32f4xx_hal_i2c.o
 .ARM.attributes
                0x000000000000037f       0x34 ./Drivers/STM32F4xx_HAL_Driver/Src/stm32f4xx_hal_rcc.o
 .ARM.attributes
                0x00000000000003b3       0x34 ./Drivers/STM32F4xx_HAL_Driver/Src/stm32f4xx_hal_tim.o
 .ARM.attributes
                0x00000000000003e7       0x34 ./Drivers/STM32F4xx_HAL_Driver/Src/stm32f4xx_hal_tim_ex.o
 .ARM.attributes
                0x000000000000041b       0x34 ./Drivers/STM32F4xx_HAL_Driver/Src/stm32f4xx_hal_uart.o
 .ARM.attributes
                0x000000000000044f       0x34 d:/program files/stm32cubeide_1.11.0/stm32cubeide/plugins/com.st.stm32cube.ide.mcu.externaltools.gnu-tools-for-stm32.10.3-2021.10.win32_1.0.200.202301161003/tools/bin/../lib/gcc/arm-none-eabi/10.3.1/../../../../arm-none-eabi/lib/thumb/v7e-m+fp/hard\libc_nano.a(lib_a-errno.o)
 .ARM.attributes
                0x0000000000000483       0x34 d:/program files/stm32cubeide_1.11.0/stm32cubeide/plugins/com.st.stm32cube.ide.mcu.externaltools.gnu-tools-for-stm32.10.3-2021.10.win32_1.0.200.202301161003/tools/bin/../lib/gcc/arm-none-eabi/10.3.1/../../../../arm-none-eabi/lib/thumb/v7e-m+fp/hard\libc_nano.a(lib_a-impure.o)
 .ARM.attributes
                0x00000000000004b7       0x34 d:/program files/stm32cubeide_1.11.0/stm32cubeide/plugins/com.st.stm32cube.ide.mcu.externaltools.gnu-tools-for-stm32.10.3-2021.10.win32_1.0.200.202301161003/tools/bin/../lib/gcc/arm-none-eabi/10.3.1/../../../../arm-none-eabi/lib/thumb/v7e-m+fp/hard\libc_nano.a(lib_a-init.o)
 .ARM.attributes
                0x00000000000004eb       0x34 d:/program files/stm32cubeide_1.11.0/stm32cubeide/plugins/com.st.stm32cube.ide.mcu.externaltools.gnu-tools-for-stm32.10.3-2021.10.win32_1.0.200.202301161003/tools/bin/../lib/gcc/arm-none-eabi/10.3.1/../../../../arm-none-eabi/lib/thumb/v7e-m+fp/hard\libc_nano.a(lib_a-memset.o)
 .ARM.attributes
                0x000000000000051f       0x34 d:/program files/stm32cubeide_1.11.0/stm32cubeide/plugins/com.st.stm32cube.ide.mcu.externaltools.gnu-tools-for-stm32.10.3-2021.10.win32_1.0.200.202301161003/tools/bin/../lib/gcc/arm-none-eabi/10.3.1/../../../../arm-none-eabi/lib/thumb/v7e-m+fp/hard\libc_nano.a(lib_a-sprintf.o)
 .ARM.attributes
                0x0000000000000553       0x34 d:/program files/stm32cubeide_1.11.0/stm32cubeide/plugins/com.st.stm32cube.ide.mcu.externaltools.gnu-tools-for-stm32.10.3-2021.10.win32_1.0.200.202301161003/tools/bin/../lib/gcc/arm-none-eabi/10.3.1/../../../../arm-none-eabi/lib/thumb/v7e-m+fp/hard\libc_nano.a(lib_a-nano-svfprintf.o)
 .ARM.attributes
                0x0000000000000587       0x34 d:/program files/stm32cubeide_1.11.0/stm32cubeide/plugins/com.st.stm32cube.ide.mcu.externaltools.gnu-tools-for-stm32.10.3-2021.10.win32_1.0.200.202301161003/tools/bin/../lib/gcc/arm-none-eabi/10.3.1/../../../../arm-none-eabi/lib/thumb/v7e-m+fp/hard\libc_nano.a(lib_a-nano-vfprintf_i.o)
 .ARM.attributes
                0x00000000000005bb       0x1c d:/program files/stm32cubeide_1.11.0/stm32cubeide/plugins/com.st.stm32cube.ide.mcu.externaltools.gnu-tools-for-stm32.10.3-2021.10.win32_1.0.200.202301161003/tools/bin/../lib/gcc/arm-none-eabi/10.3.1/../../../../arm-none-eabi/lib/thumb/v7e-m+fp/hard\libc_nano.a(lib_a-memchr.o)
 .ARM.attributes
                0x00000000000005d7       0x34 d:/program files/stm32cubeide_1.11.0/stm32cubeide/plugins/com.st.stm32cube.ide.mcu.externaltools.gnu-tools-for-stm32.10.3-2021.10.win32_1.0.200.202301161003/tools/bin/../lib/gcc/arm-none-eabi/10.3.1/../../../../arm-none-eabi/lib/thumb/v7e-m+fp/hard\libc_nano.a(lib_a-memcpy-stub.o)
 .ARM.attributes
                0x000000000000060b       0x34 d:/program files/stm32cubeide_1.11.0/stm32cubeide/plugins/com.st.stm32cube.ide.mcu.externaltools.gnu-tools-for-stm32.10.3-2021.10.win32_1.0.200.202301161003/tools/bin/../lib/gcc/arm-none-eabi/10.3.1/../../../../arm-none-eabi/lib/thumb/v7e-m+fp/hard\libc_nano.a(lib_a-memmove.o)
 .ARM.attributes
                0x000000000000063f       0x34 d:/program files/stm32cubeide_1.11.0/stm32cubeide/plugins/com.st.stm32cube.ide.mcu.externaltools.gnu-tools-for-stm32.10.3-2021.10.win32_1.0.200.202301161003/tools/bin/../lib/gcc/arm-none-eabi/10.3.1/../../../../arm-none-eabi/lib/thumb/v7e-m+fp/hard\libc_nano.a(lib_a-nano-freer.o)
 .ARM.attributes
                0x0000000000000673       0x34 d:/program files/stm32cubeide_1.11.0/stm32cubeide/plugins/com.st.stm32cube.ide.mcu.externaltools.gnu-tools-for-stm32.10.3-2021.10.win32_1.0.200.202301161003/tools/bin/../lib/gcc/arm-none-eabi/10.3.1/../../../../arm-none-eabi/lib/thumb/v7e-m+fp/hard\libc_nano.a(lib_a-nano-mallocr.o)
 .ARM.attributes
                0x00000000000006a7       0x34 d:/program files/stm32cubeide_1.11.0/stm32cubeide/plugins/com.st.stm32cube.ide.mcu.externaltools.gnu-tools-for-stm32.10.3-2021.10.win32_1.0.200.202301161003/tools/bin/../lib/gcc/arm-none-eabi/10.3.1/../../../../arm-none-eabi/lib/thumb/v7e-m+fp/hard\libc_nano.a(lib_a-nano-reallocr.o)
 .ARM.attributes
                0x00000000000006db       0x34 d:/program files/stm32cubeide_1.11.0/stm32cubeide/plugins/com.st.stm32cube.ide.mcu.externaltools.gnu-tools-for-stm32.10.3-2021.10.win32_1.0.200.202301161003/tools/bin/../lib/gcc/arm-none-eabi/10.3.1/../../../../arm-none-eabi/lib/thumb/v7e-m+fp/hard\libc_nano.a(lib_a-sbrkr.o)
 .ARM.attributes
                0x000000000000070f       0x34 d:/program files/stm32cubeide_1.11.0/stm32cubeide/plugins/com.st.stm32cube.ide.mcu.externaltools.gnu-tools-for-stm32.10.3-2021.10.win32_1.0.200.202301161003/tools/bin/../lib/gcc/arm-none-eabi/10.3.1/../../../../arm-none-eabi/lib/thumb/v7e-m+fp/hard\libc_nano.a(lib_a-mlock.o)
 .ARM.attributes
                0x0000000000000743       0x34 d:/program files/stm32cubeide_1.11.0/stm32cubeide/plugins/com.st.stm32cube.ide.mcu.externaltools.gnu-tools-for-stm32.10.3-2021.10.win32_1.0.200.202301161003/tools/bin/../lib/gcc/arm-none-eabi/10.3.1/../../../../arm-none-eabi/lib/thumb/v7e-m+fp/hard\libc_nano.a(lib_a-nano-msizer.o)
 .ARM.attributes
                0x0000000000000777       0x34 d:/program files/stm32cubeide_1.11.0/stm32cubeide/plugins/com.st.stm32cube.ide.mcu.externaltools.gnu-tools-for-stm32.10.3-2021.10.win32_1.0.200.202301161003/tools/bin/../lib/gcc/arm-none-eabi/10.3.1/../../../../arm-none-eabi/lib/thumb/v7e-m+fp/hard\libc_nano.a(lib_a-reent.o)
 .ARM.attributes
                0x00000000000007ab       0x34 d:/program files/stm32cubeide_1.11.0/stm32cubeide/plugins/com.st.stm32cube.ide.mcu.externaltools.gnu-tools-for-stm32.10.3-2021.10.win32_1.0.200.202301161003/tools/bin/../lib/gcc/arm-none-eabi/10.3.1/../../../../arm-none-eabi/lib/thumb/v7e-m+fp/hard\libc_nano.a(lib_a-lock.o)
 .ARM.attributes
                0x00000000000007df       0x1e d:/program files/stm32cubeide_1.11.0/stm32cubeide/plugins/com.st.stm32cube.ide.mcu.externaltools.gnu-tools-for-stm32.10.3-2021.10.win32_1.0.200.202301161003/tools/bin/../lib/gcc/arm-none-eabi/10.3.1/thumb/v7e-m+fp/hard\libgcc.a(_arm_addsubdf3.o)
 .ARM.attributes
                0x00000000000007fd       0x1e d:/program files/stm32cubeide_1.11.0/stm32cubeide/plugins/com.st.stm32cube.ide.mcu.externaltools.gnu-tools-for-stm32.10.3-2021.10.win32_1.0.200.202301161003/tools/bin/../lib/gcc/arm-none-eabi/10.3.1/thumb/v7e-m+fp/hard\libgcc.a(_arm_muldivdf3.o)
 .ARM.attributes
                0x000000000000081b       0x1e d:/program files/stm32cubeide_1.11.0/stm32cubeide/plugins/com.st.stm32cube.ide.mcu.externaltools.gnu-tools-for-stm32.10.3-2021.10.win32_1.0.200.202301161003/tools/bin/../lib/gcc/arm-none-eabi/10.3.1/thumb/v7e-m+fp/hard\libgcc.a(_arm_fixdfsi.o)
 .ARM.attributes
                0x0000000000000839       0x1e d:/program files/stm32cubeide_1.11.0/stm32cubeide/plugins/com.st.stm32cube.ide.mcu.externaltools.gnu-tools-for-stm32.10.3-2021.10.win32_1.0.200.202301161003/tools/bin/../lib/gcc/arm-none-eabi/10.3.1/thumb/v7e-m+fp/hard\libgcc.a(_arm_truncdfsf2.o)
 .ARM.attributes
                0x0000000000000857       0x1e d:/program files/stm32cubeide_1.11.0/stm32cubeide/plugins/com.st.stm32cube.ide.mcu.externaltools.gnu-tools-for-stm32.10.3-2021.10.win32_1.0.200.202301161003/tools/bin/../lib/gcc/arm-none-eabi/10.3.1/thumb/v7e-m+fp/hard\libgcc.a(_aeabi_uldivmod.o)
 .ARM.attributes
                0x0000000000000875       0x34 d:/program files/stm32cubeide_1.11.0/stm32cubeide/plugins/com.st.stm32cube.ide.mcu.externaltools.gnu-tools-for-stm32.10.3-2021.10.win32_1.0.200.202301161003/tools/bin/../lib/gcc/arm-none-eabi/10.3.1/thumb/v7e-m+fp/hard\libgcc.a(_udivmoddi4.o)
 .ARM.attributes
                0x00000000000008a9       0x1e d:/program files/stm32cubeide_1.11.0/stm32cubeide/plugins/com.st.stm32cube.ide.mcu.externaltools.gnu-tools-for-stm32.10.3-2021.10.win32_1.0.200.202301161003/tools/bin/../lib/gcc/arm-none-eabi/10.3.1/thumb/v7e-m+fp/hard\libgcc.a(_dvmd_tls.o)
 .ARM.attributes
                0x00000000000008c7       0x1e d:/program files/stm32cubeide_1.11.0/stm32cubeide/plugins/com.st.stm32cube.ide.mcu.externaltools.gnu-tools-for-stm32.10.3-2021.10.win32_1.0.200.202301161003/tools/bin/../lib/gcc/arm-none-eabi/10.3.1/thumb/v7e-m+fp/hard/crtn.o
OUTPUT(FinalProject.elf elf32-littlearm)
LOAD linker stubs
LOAD d:/program files/stm32cubeide_1.11.0/stm32cubeide/plugins/com.st.stm32cube.ide.mcu.externaltools.gnu-tools-for-stm32.10.3-2021.10.win32_1.0.200.202301161003/tools/bin/../lib/gcc/arm-none-eabi/10.3.1/../../../../arm-none-eabi/lib/thumb/v7e-m+fp/hard\libc.a
LOAD d:/program files/stm32cubeide_1.11.0/stm32cubeide/plugins/com.st.stm32cube.ide.mcu.externaltools.gnu-tools-for-stm32.10.3-2021.10.win32_1.0.200.202301161003/tools/bin/../lib/gcc/arm-none-eabi/10.3.1/../../../../arm-none-eabi/lib/thumb/v7e-m+fp/hard\libm.a
LOAD d:/program files/stm32cubeide_1.11.0/stm32cubeide/plugins/com.st.stm32cube.ide.mcu.externaltools.gnu-tools-for-stm32.10.3-2021.10.win32_1.0.200.202301161003/tools/bin/../lib/gcc/arm-none-eabi/10.3.1/thumb/v7e-m+fp/hard\libgcc.a

.debug_info     0x0000000000000000    0x13fa1
 .debug_info    0x0000000000000000      0x68f ./Core/Inc/ds18b20.o
 .debug_info    0x000000000000068f      0xda0 ./Core/Inc/onewire.o
 .debug_info    0x000000000000142f      0xd03 ./Core/Inc/ssd1306.o
 .debug_info    0x0000000000002132      0x1ed ./Core/Inc/ssd1306_font.o
 .debug_info    0x000000000000231f     0x1de8 ./Core/Src/main.o
 .debug_info    0x0000000000004107     0x15eb ./Core/Src/stm32f4xx_hal_msp.o
 .debug_info    0x00000000000056f2      0xa1a ./Core/Src/stm32f4xx_it.o
 .debug_info    0x000000000000610c      0x171 ./Core/Src/sysmem.o
 .debug_info    0x000000000000627d      0x54f ./Core/Src/system_stm32f4xx.o
 .debug_info    0x00000000000067cc       0x22 ./Core/Startup/startup_stm32f411retx.o
 .debug_info    0x00000000000067ee      0x90d ./Drivers/STM32F4xx_HAL_Driver/Src/stm32f4xx_hal.o
 .debug_info    0x00000000000070fb      0xd68 ./Drivers/STM32F4xx_HAL_Driver/Src/stm32f4xx_hal_adc.o
 .debug_info    0x0000000000007e63      0xd8b ./Drivers/STM32F4xx_HAL_Driver/Src/stm32f4xx_hal_cortex.o
 .debug_info    0x0000000000008bee      0x947 ./Drivers/STM32F4xx_HAL_Driver/Src/stm32f4xx_hal_dma.o
 .debug_info    0x0000000000009535      0x78e ./Drivers/STM32F4xx_HAL_Driver/Src/stm32f4xx_hal_gpio.o
 .debug_info    0x0000000000009cc3     0x260f ./Drivers/STM32F4xx_HAL_Driver/Src/stm32f4xx_hal_i2c.o
 .debug_info    0x000000000000c2d2      0x98d ./Drivers/STM32F4xx_HAL_Driver/Src/stm32f4xx_hal_rcc.o
 .debug_info    0x000000000000cc5f     0x2bb6 ./Drivers/STM32F4xx_HAL_Driver/Src/stm32f4xx_hal_tim.o
 .debug_info    0x000000000000f815     0x15d8 ./Drivers/STM32F4xx_HAL_Driver/Src/stm32f4xx_hal_tim_ex.o
 .debug_info    0x0000000000010ded     0x31b4 ./Drivers/STM32F4xx_HAL_Driver/Src/stm32f4xx_hal_uart.o

.debug_abbrev   0x0000000000000000     0x2a61
 .debug_abbrev  0x0000000000000000      0x2b3 ./Core/Inc/ds18b20.o
 .debug_abbrev  0x00000000000002b3      0x2e8 ./Core/Inc/onewire.o
 .debug_abbrev  0x000000000000059b      0x2a6 ./Core/Inc/ssd1306.o
 .debug_abbrev  0x0000000000000841       0xbe ./Core/Inc/ssd1306_font.o
 .debug_abbrev  0x00000000000008ff      0x352 ./Core/Src/main.o
 .debug_abbrev  0x0000000000000c51      0x20a ./Core/Src/stm32f4xx_hal_msp.o
 .debug_abbrev  0x0000000000000e5b      0x1b1 ./Core/Src/stm32f4xx_it.o
 .debug_abbrev  0x000000000000100c       0xbb ./Core/Src/sysmem.o
 .debug_abbrev  0x00000000000010c7      0x116 ./Core/Src/system_stm32f4xx.o
 .debug_abbrev  0x00000000000011dd       0x12 ./Core/Startup/startup_stm32f411retx.o
 .debug_abbrev  0x00000000000011ef      0x23e ./Drivers/STM32F4xx_HAL_Driver/Src/stm32f4xx_hal.o
 .debug_abbrev  0x000000000000142d      0x204 ./Drivers/STM32F4xx_HAL_Driver/Src/stm32f4xx_hal_adc.o
 .debug_abbrev  0x0000000000001631      0x316 ./Drivers/STM32F4xx_HAL_Driver/Src/stm32f4xx_hal_cortex.o
 .debug_abbrev  0x0000000000001947      0x21b ./Drivers/STM32F4xx_HAL_Driver/Src/stm32f4xx_hal_dma.o
 .debug_abbrev  0x0000000000001b62      0x1c4 ./Drivers/STM32F4xx_HAL_Driver/Src/stm32f4xx_hal_gpio.o
 .debug_abbrev  0x0000000000001d26      0x2a8 ./Drivers/STM32F4xx_HAL_Driver/Src/stm32f4xx_hal_i2c.o
 .debug_abbrev  0x0000000000001fce      0x2aa ./Drivers/STM32F4xx_HAL_Driver/Src/stm32f4xx_hal_rcc.o
 .debug_abbrev  0x0000000000002278      0x26e ./Drivers/STM32F4xx_HAL_Driver/Src/stm32f4xx_hal_tim.o
 .debug_abbrev  0x00000000000024e6      0x276 ./Drivers/STM32F4xx_HAL_Driver/Src/stm32f4xx_hal_tim_ex.o
 .debug_abbrev  0x000000000000275c      0x305 ./Drivers/STM32F4xx_HAL_Driver/Src/stm32f4xx_hal_uart.o

.debug_aranges  0x0000000000000000     0x1290
 .debug_aranges
                0x0000000000000000       0x80 ./Core/Inc/ds18b20.o
 .debug_aranges
                0x0000000000000080       0xb0 ./Core/Inc/onewire.o
 .debug_aranges
                0x0000000000000130      0x138 ./Core/Inc/ssd1306.o
 .debug_aranges
                0x0000000000000268       0x18 ./Core/Inc/ssd1306_font.o
 .debug_aranges
                0x0000000000000280       0x88 ./Core/Src/main.o
 .debug_aranges
                0x0000000000000308       0x60 ./Core/Src/stm32f4xx_hal_msp.o
 .debug_aranges
                0x0000000000000368       0x80 ./Core/Src/stm32f4xx_it.o
 .debug_aranges
                0x00000000000003e8       0x20 ./Core/Src/sysmem.o
 .debug_aranges
                0x0000000000000408       0x28 ./Core/Src/system_stm32f4xx.o
 .debug_aranges
                0x0000000000000430       0x28 ./Core/Startup/startup_stm32f411retx.o
 .debug_aranges
                0x0000000000000458       0xf0 ./Drivers/STM32F4xx_HAL_Driver/Src/stm32f4xx_hal.o
 .debug_aranges
                0x0000000000000548       0xe8 ./Drivers/STM32F4xx_HAL_Driver/Src/stm32f4xx_hal_adc.o
 .debug_aranges
                0x0000000000000630      0x118 ./Drivers/STM32F4xx_HAL_Driver/Src/stm32f4xx_hal_cortex.o
 .debug_aranges
                0x0000000000000748       0x90 ./Drivers/STM32F4xx_HAL_Driver/Src/stm32f4xx_hal_dma.o
 .debug_aranges
                0x00000000000007d8       0x58 ./Drivers/STM32F4xx_HAL_Driver/Src/stm32f4xx_hal_gpio.o
 .debug_aranges
                0x0000000000000830      0x2a0 ./Drivers/STM32F4xx_HAL_Driver/Src/stm32f4xx_hal_i2c.o
 .debug_aranges
                0x0000000000000ad0       0x88 ./Drivers/STM32F4xx_HAL_Driver/Src/stm32f4xx_hal_rcc.o
 .debug_aranges
                0x0000000000000b58      0x3d0 ./Drivers/STM32F4xx_HAL_Driver/Src/stm32f4xx_hal_tim.o
 .debug_aranges
                0x0000000000000f28      0x168 ./Drivers/STM32F4xx_HAL_Driver/Src/stm32f4xx_hal_tim_ex.o
 .debug_aranges
                0x0000000000001090      0x200 ./Drivers/STM32F4xx_HAL_Driver/Src/stm32f4xx_hal_uart.o

.debug_ranges   0x0000000000000000     0x1198
 .debug_ranges  0x0000000000000000       0x70 ./Core/Inc/ds18b20.o
 .debug_ranges  0x0000000000000070       0xa0 ./Core/Inc/onewire.o
 .debug_ranges  0x0000000000000110      0x128 ./Core/Inc/ssd1306.o
 .debug_ranges  0x0000000000000238       0x78 ./Core/Src/main.o
 .debug_ranges  0x00000000000002b0       0x50 ./Core/Src/stm32f4xx_hal_msp.o
 .debug_ranges  0x0000000000000300       0x70 ./Core/Src/stm32f4xx_it.o
 .debug_ranges  0x0000000000000370       0x10 ./Core/Src/sysmem.o
 .debug_ranges  0x0000000000000380       0x18 ./Core/Src/system_stm32f4xx.o
 .debug_ranges  0x0000000000000398       0x20 ./Core/Startup/startup_stm32f411retx.o
 .debug_ranges  0x00000000000003b8       0xe0 ./Drivers/STM32F4xx_HAL_Driver/Src/stm32f4xx_hal.o
 .debug_ranges  0x0000000000000498       0xd8 ./Drivers/STM32F4xx_HAL_Driver/Src/stm32f4xx_hal_adc.o
 .debug_ranges  0x0000000000000570      0x108 ./Drivers/STM32F4xx_HAL_Driver/Src/stm32f4xx_hal_cortex.o
 .debug_ranges  0x0000000000000678       0x80 ./Drivers/STM32F4xx_HAL_Driver/Src/stm32f4xx_hal_dma.o
 .debug_ranges  0x00000000000006f8       0x48 ./Drivers/STM32F4xx_HAL_Driver/Src/stm32f4xx_hal_gpio.o
 .debug_ranges  0x0000000000000740      0x2a8 ./Drivers/STM32F4xx_HAL_Driver/Src/stm32f4xx_hal_i2c.o
 .debug_ranges  0x00000000000009e8       0x78 ./Drivers/STM32F4xx_HAL_Driver/Src/stm32f4xx_hal_rcc.o
 .debug_ranges  0x0000000000000a60      0x3c0 ./Drivers/STM32F4xx_HAL_Driver/Src/stm32f4xx_hal_tim.o
 .debug_ranges  0x0000000000000e20      0x158 ./Drivers/STM32F4xx_HAL_Driver/Src/stm32f4xx_hal_tim_ex.o
 .debug_ranges  0x0000000000000f78      0x220 ./Drivers/STM32F4xx_HAL_Driver/Src/stm32f4xx_hal_uart.o

.debug_macro    0x0000000000000000    0x186b4
 .debug_macro   0x0000000000000000      0x240 ./Core/Inc/ds18b20.o
 .debug_macro   0x0000000000000240      0xa78 ./Core/Inc/ds18b20.o
 .debug_macro   0x0000000000000cb8      0x2a7 ./Core/Inc/ds18b20.o
 .debug_macro   0x0000000000000f5f       0x2e ./Core/Inc/ds18b20.o
 .debug_macro   0x0000000000000f8d       0x28 ./Core/Inc/ds18b20.o
 .debug_macro   0x0000000000000fb5       0x22 ./Core/Inc/ds18b20.o
 .debug_macro   0x0000000000000fd7       0x8e ./Core/Inc/ds18b20.o
 .debug_macro   0x0000000000001065       0x51 ./Core/Inc/ds18b20.o
 .debug_macro   0x00000000000010b6      0x103 ./Core/Inc/ds18b20.o
 .debug_macro   0x00000000000011b9       0x6a ./Core/Inc/ds18b20.o
 .debug_macro   0x0000000000001223      0x1df ./Core/Inc/ds18b20.o
 .debug_macro   0x0000000000001402       0x1c ./Core/Inc/ds18b20.o
 .debug_macro   0x000000000000141e       0x22 ./Core/Inc/ds18b20.o
 .debug_macro   0x0000000000001440       0xd9 ./Core/Inc/ds18b20.o
 .debug_macro   0x0000000000001519     0x102d ./Core/Inc/ds18b20.o
 .debug_macro   0x0000000000002546      0x11f ./Core/Inc/ds18b20.o
 .debug_macro   0x0000000000002665     0xb953 ./Core/Inc/ds18b20.o
 .debug_macro   0x000000000000dfb8       0x6d ./Core/Inc/ds18b20.o
 .debug_macro   0x000000000000e025     0x367e ./Core/Inc/ds18b20.o
 .debug_macro   0x00000000000116a3      0x174 ./Core/Inc/ds18b20.o
 .debug_macro   0x0000000000011817       0x5c ./Core/Inc/ds18b20.o
 .debug_macro   0x0000000000011873      0x447 ./Core/Inc/ds18b20.o
 .debug_macro   0x0000000000011cba      0x9fe ./Core/Inc/ds18b20.o
 .debug_macro   0x00000000000126b8      0x115 ./Core/Inc/ds18b20.o
 .debug_macro   0x00000000000127cd      0x11b ./Core/Inc/ds18b20.o
 .debug_macro   0x00000000000128e8       0xa5 ./Core/Inc/ds18b20.o
 .debug_macro   0x000000000001298d      0x15f ./Core/Inc/ds18b20.o
 .debug_macro   0x0000000000012aec      0x287 ./Core/Inc/ds18b20.o
 .debug_macro   0x0000000000012d73       0x5f ./Core/Inc/ds18b20.o
 .debug_macro   0x0000000000012dd2      0x236 ./Core/Inc/ds18b20.o
 .debug_macro   0x0000000000013008      0x9e1 ./Core/Inc/ds18b20.o
 .debug_macro   0x00000000000139e9      0x38b ./Core/Inc/ds18b20.o
 .debug_macro   0x0000000000013d74      0x17d ./Core/Inc/ds18b20.o
 .debug_macro   0x0000000000013ef1       0xf9 ./Core/Inc/ds18b20.o
 .debug_macro   0x0000000000013fea      0x132 ./Core/Inc/ds18b20.o
 .debug_macro   0x000000000001411c      0x264 ./Core/Inc/ds18b20.o
 .debug_macro   0x0000000000014380       0x2e ./Core/Inc/ds18b20.o
 .debug_macro   0x00000000000143ae      0x1b5 ./Core/Inc/ds18b20.o
 .debug_macro   0x0000000000014563       0x22 ./Core/Inc/ds18b20.o
 .debug_macro   0x0000000000014585       0xd6 ./Core/Inc/ds18b20.o
 .debug_macro   0x000000000001465b      0x11a ./Core/Inc/ds18b20.o
 .debug_macro   0x0000000000014775       0x85 ./Core/Inc/ds18b20.o
 .debug_macro   0x00000000000147fa       0x89 ./Core/Inc/ds18b20.o
 .debug_macro   0x0000000000014883      0x8e6 ./Core/Inc/ds18b20.o
 .debug_macro   0x0000000000015169       0x47 ./Core/Inc/ds18b20.o
 .debug_macro   0x00000000000151b0      0x295 ./Core/Inc/ds18b20.o
 .debug_macro   0x0000000000015445      0x126 ./Core/Inc/ds18b20.o
 .debug_macro   0x000000000001556b       0x64 ./Core/Inc/ds18b20.o
 .debug_macro   0x00000000000155cf       0x3a ./Core/Inc/ds18b20.o
 .debug_macro   0x0000000000015609       0x58 ./Core/Inc/ds18b20.o
 .debug_macro   0x0000000000015661      0x244 ./Core/Inc/onewire.o
 .debug_macro   0x00000000000158a5       0x5e ./Core/Inc/onewire.o
 .debug_macro   0x0000000000015903      0x30e ./Core/Inc/ssd1306.o
 .debug_macro   0x0000000000015c11       0x5e ./Core/Inc/ssd1306.o
 .debug_macro   0x0000000000015c6f       0x22 ./Core/Inc/ssd1306.o
 .debug_macro   0x0000000000015c91       0xf4 ./Core/Inc/ssd1306.o
 .debug_macro   0x0000000000015d85       0x52 ./Core/Inc/ssd1306.o
 .debug_macro   0x0000000000015dd7       0x1e ./Core/Inc/ssd1306.o
 .debug_macro   0x0000000000015df5       0x3c ./Core/Inc/ssd1306.o
 .debug_macro   0x0000000000015e31       0x34 ./Core/Inc/ssd1306.o
 .debug_macro   0x0000000000015e65       0x16 ./Core/Inc/ssd1306.o
 .debug_macro   0x0000000000015e7b       0x43 ./Core/Inc/ssd1306.o
 .debug_macro   0x0000000000015ebe       0x34 ./Core/Inc/ssd1306.o
 .debug_macro   0x0000000000015ef2       0x10 ./Core/Inc/ssd1306.o
 .debug_macro   0x0000000000015f02       0x58 ./Core/Inc/ssd1306.o
 .debug_macro   0x0000000000015f5a       0x71 ./Core/Inc/ssd1306.o
 .debug_macro   0x0000000000015fcb       0x1c ./Core/Inc/ssd1306.o
 .debug_macro   0x0000000000015fe7      0x12a ./Core/Inc/ssd1306.o
 .debug_macro   0x0000000000016111      0x341 ./Core/Inc/ssd1306.o
 .debug_macro   0x0000000000016452       0x10 ./Core/Inc/ssd1306.o
 .debug_macro   0x0000000000016462       0x35 ./Core/Inc/ssd1306.o
 .debug_macro   0x0000000000016497       0x20 ./Core/Inc/ssd1306.o
 .debug_macro   0x00000000000164b7       0x72 ./Core/Inc/ssd1306_font.o
 .debug_macro   0x0000000000016529       0x1c ./Core/Inc/ssd1306_font.o
 .debug_macro   0x0000000000016545      0x270 ./Core/Src/main.o
 .debug_macro   0x00000000000167b5      0x21e ./Core/Src/stm32f4xx_hal_msp.o
 .debug_macro   0x00000000000169d3      0x228 ./Core/Src/stm32f4xx_it.o
 .debug_macro   0x0000000000016bfb       0xff ./Core/Src/sysmem.o
 .debug_macro   0x0000000000016cfa      0x23b ./Core/Src/sysmem.o
 .debug_macro   0x0000000000016f35      0x20f ./Core/Src/system_stm32f4xx.o
 .debug_macro   0x0000000000017144      0x26f ./Drivers/STM32F4xx_HAL_Driver/Src/stm32f4xx_hal.o
 .debug_macro   0x00000000000173b3      0x210 ./Drivers/STM32F4xx_HAL_Driver/Src/stm32f4xx_hal_adc.o
 .debug_macro   0x00000000000175c3      0x20f ./Drivers/STM32F4xx_HAL_Driver/Src/stm32f4xx_hal_cortex.o
 .debug_macro   0x00000000000177d2      0x215 ./Drivers/STM32F4xx_HAL_Driver/Src/stm32f4xx_hal_dma.o
 .debug_macro   0x00000000000179e7      0x215 ./Drivers/STM32F4xx_HAL_Driver/Src/stm32f4xx_hal_gpio.o
 .debug_macro   0x0000000000017bfc      0x256 ./Drivers/STM32F4xx_HAL_Driver/Src/stm32f4xx_hal_i2c.o
 .debug_macro   0x0000000000017e52      0x233 ./Drivers/STM32F4xx_HAL_Driver/Src/stm32f4xx_hal_rcc.o
 .debug_macro   0x0000000000018085      0x210 ./Drivers/STM32F4xx_HAL_Driver/Src/stm32f4xx_hal_tim.o
 .debug_macro   0x0000000000018295      0x20f ./Drivers/STM32F4xx_HAL_Driver/Src/stm32f4xx_hal_tim_ex.o
 .debug_macro   0x00000000000184a4      0x210 ./Drivers/STM32F4xx_HAL_Driver/Src/stm32f4xx_hal_uart.o

.debug_line     0x0000000000000000    0x159b5
 .debug_line    0x0000000000000000      0xb03 ./Core/Inc/ds18b20.o
 .debug_line    0x0000000000000b03      0xb5d ./Core/Inc/onewire.o
 .debug_line    0x0000000000001660      0xdb0 ./Core/Inc/ssd1306.o
 .debug_line    0x0000000000002410      0x3b5 ./Core/Inc/ssd1306_font.o
 .debug_line    0x00000000000027c5      0xc81 ./Core/Src/main.o
 .debug_line    0x0000000000003446      0x8fc ./Core/Src/stm32f4xx_hal_msp.o
 .debug_line    0x0000000000003d42      0x88a ./Core/Src/stm32f4xx_it.o
 .debug_line    0x00000000000045cc      0x52b ./Core/Src/sysmem.o
 .debug_line    0x0000000000004af7      0x7e9 ./Core/Src/system_stm32f4xx.o
 .debug_line    0x00000000000052e0       0x88 ./Core/Startup/startup_stm32f411retx.o
 .debug_line    0x0000000000005368      0xa4f ./Drivers/STM32F4xx_HAL_Driver/Src/stm32f4xx_hal.o
 .debug_line    0x0000000000005db7     0x11ff ./Drivers/STM32F4xx_HAL_Driver/Src/stm32f4xx_hal_adc.o
 .debug_line    0x0000000000006fb6      0xcfe ./Drivers/STM32F4xx_HAL_Driver/Src/stm32f4xx_hal_cortex.o
 .debug_line    0x0000000000007cb4      0xfb3 ./Drivers/STM32F4xx_HAL_Driver/Src/stm32f4xx_hal_dma.o
 .debug_line    0x0000000000008c67      0xb87 ./Drivers/STM32F4xx_HAL_Driver/Src/stm32f4xx_hal_gpio.o
 .debug_line    0x00000000000097ee     0x3a04 ./Drivers/STM32F4xx_HAL_Driver/Src/stm32f4xx_hal_i2c.o
 .debug_line    0x000000000000d1f2      0xdcb ./Drivers/STM32F4xx_HAL_Driver/Src/stm32f4xx_hal_rcc.o
 .debug_line    0x000000000000dfbd     0x351d ./Drivers/STM32F4xx_HAL_Driver/Src/stm32f4xx_hal_tim.o
 .debug_line    0x00000000000114da     0x19e7 ./Drivers/STM32F4xx_HAL_Driver/Src/stm32f4xx_hal_tim_ex.o
 .debug_line    0x0000000000012ec1     0x2af4 ./Drivers/STM32F4xx_HAL_Driver/Src/stm32f4xx_hal_uart.o

.debug_str      0x0000000000000000    0x9c91b
 .debug_str     0x0000000000000000    0x93f18 ./Core/Inc/ds18b20.o
                                      0x941c1 (size before relaxing)
 .debug_str     0x0000000000093f18      0x697 ./Core/Inc/onewire.o
                                      0x9471b (size before relaxing)
 .debug_str     0x00000000000945af     0x39e0 ./Core/Inc/ssd1306.o
                                      0x97902 (size before relaxing)
 .debug_str     0x0000000000097f8f       0x79 ./Core/Inc/ssd1306_font.o
                                       0x3d25 (size before relaxing)
 .debug_str     0x0000000000098008      0xcd8 ./Core/Src/main.o
                                      0x95b35 (size before relaxing)
 .debug_str     0x0000000000098ce0       0xf8 ./Core/Src/stm32f4xx_hal_msp.o
                                      0x94d62 (size before relaxing)
 .debug_str     0x0000000000098dd8      0x150 ./Core/Src/stm32f4xx_it.o
                                      0x94478 (size before relaxing)
 .debug_str     0x0000000000098f28      0x4da ./Core/Src/sysmem.o
                                       0x5dba (size before relaxing)
 .debug_str     0x0000000000099402       0xdb ./Core/Src/system_stm32f4xx.o
                                      0x93ca8 (size before relaxing)
 .debug_str     0x00000000000994dd       0x36 ./Core/Startup/startup_stm32f411retx.o
                                         0x64 (size before relaxing)
 .debug_str     0x0000000000099513      0x60d ./Drivers/STM32F4xx_HAL_Driver/Src/stm32f4xx_hal.o
                                      0x946d4 (size before relaxing)
 .debug_str     0x0000000000099b20      0x292 ./Drivers/STM32F4xx_HAL_Driver/Src/stm32f4xx_hal_adc.o