12:59:21 **** Incremental Build of configuration Debug for project Quiz ****
make -j16 all 
arm-none-eabi-gcc "../Core/Src/main.c" -mcpu=cortex-m4 -std=gnu11 -g3 -DDEBUG -DUSE_HAL_DRIVER -DSTM32F411xE -c -I../Core/Inc -I../Drivers/STM32F4xx_HAL_Driver/Inc -I../Drivers/STM32F4xx_HAL_Driver/Inc/Legacy -I../Drivers/CMSIS/Device/ST/STM32F4xx/Include -I../Drivers/CMSIS/Include -O0 -ffunction-sections -fdata-sections -Wall -fstack-usage -MMD -MP -MF"Core/Src/main.d" -MT"Core/Src/main.o" --specs=nano.specs -mfpu=fpv4-sp-d16 -mfloat-abi=hard -mthumb -o "Core/Src/main.o"
../Core/Src/main.c: In function 'main':
../Core/Src/main.c:100:19: warning: unused variable 'buffer' [-Wunused-variable]
  100 |   uint8_t data[1],buffer[2];
      |                   ^~~~~~
arm-none-eabi-gcc -o "Quiz.elf" @"objects.list"   -mcpu=cortex-m4 -T"D:\Code\CU\Embeded_Sys_Lab\Quiz\Quiz\STM32F411RETX_FLASH.ld" --specs=nosys.specs -Wl,-Map="Quiz.map" -Wl,--gc-sections -static --specs=nano.specs -mfpu=fpv4-sp-d16 -mfloat-abi=hard -mthumb -Wl,--start-group -lc -lm -Wl,--end-group
Finished building target: Quiz.elf
 
arm-none-eabi-size   Quiz.elf 
arm-none-eabi-objdump -h -S  Quiz.elf  > "Quiz.list"
   text	   data	    bss	    dec	    hex	filename
   8960	     20	   1636	  10616	   2978	Quiz.elf
Finished building: default.size.stdout
 
Finished building: Quiz.list
 

12:59:22 Build Finished. 0 errors, 1 warnings. (took 750ms)

