../Core/Src/main.c:68:6:HAL_GPIO_EXTI_Callback	16	static
../Core/Src/main.c:74:6:HAL_UART_RxCpltCallback	16	static
../Core/Src/main.c:101:6:HAL_TIM_PeriodElapsedCallback	24	static
../Core/Src/main.c:123:5:main	8	static
../Core/Src/main.c:182:6:SystemClock_Config	88	static
../Core/Src/main.c:229:13:MX_TIM2_Init	32	static
../Core/Src/main.c:274:13:MX_USART2_UART_Init	8	static
../Core/Src/main.c:307:13:MX_DMA_Init	16	static
../Core/Src/main.c:348:13:MX_GPIO_Init	48	static
../Core/Src/main.c:392:6:Error_Handler	4	static,ignoring_inline_asm
