../Core/Src/main.c:68:6:HAL_GPIO_EXTI_Callback	16	static
../Core/Src/main.c:74:6:HAL_UART_RxCpltCallback	16	static
../Core/Src/main.c:101:6:HAL_TIM_PeriodElapsedCallback	24	static
../Core/Src/main.c:124:5:main	16	static
../Core/Src/main.c:183:6:SystemClock_Config	88	static
../Core/Src/main.c:230:13:MX_TIM2_Init	32	static
../Core/Src/main.c:275:13:MX_USART2_UART_Init	8	static
../Core/Src/main.c:308:13:MX_DMA_Init	16	static
../Core/Src/main.c:349:13:MX_GPIO_Init	48	static
../Core/Src/main.c:393:6:Error_Handler	4	static,ignoring_inline_asm
