../Core/Inc/ds18b20.c:29:9:DS18B20_Start	16	static
../Core/Inc/ds18b20.c:47:6:DS18B20_StartAll	8	static
../Core/Inc/ds18b20.c:57:9:DS18B20_Read	40	static
../Core/Inc/ds18b20.c:121:9:DS18B20_GetResolution	24	static
../Core/Inc/ds18b20.c:148:9:DS18B20_SetResolution	24	static
../Core/Inc/ds18b20.c:204:9:DS18B20_Is	16	static
../Core/Inc/ds18b20.c:211:9:DS18B20_AllDone	8	static
../Core/Inc/ds18b20.c:216:6:DS18B20_ReadAll	24	static
../Core/Inc/ds18b20.c:234:6:DS18B20_GetROM	24	static
../Core/Inc/ds18b20.c:245:6:DS18B20_WriteROM	24	static
../Core/Inc/ds18b20.c:256:9:DS18B20_Quantity	4	static
../Core/Inc/ds18b20.c:261:9:DS18B20_GetTemperature	16	static
../Core/Inc/ds18b20.c:271:6:DS18B20_Init	24	static
