17:02:22 **** Incremental Build of configuration Debug for project FinalProject ****
make -j16 all 
arm-none-eabi-gcc "../Core/Src/main.c" -mcpu=cortex-m4 -std=gnu11 -g3 -DDEBUG -DUSE_HAL_DRIVER -DSTM32F411xE -c -I../Core/Inc -I../Drivers/STM32F4xx_HAL_Driver/Inc -I../Drivers/STM32F4xx_HAL_Driver/Inc/Legacy -I../Drivers/CMSIS/Device/ST/STM32F4xx/Include -I../Drivers/CMSIS/Include -O0 -ffunction-sections -fdata-sections -Wall -fstack-usage -fcyclomatic-complexity -MMD -MP -MF"Core/Src/main.d" -MT"Core/Src/main.o" --specs=nano.specs -mfpu=fpv4-sp-d16 -mfloat-abi=hard -mthumb -o "Core/Src/main.o"
../Core/Src/main.c: In function 'main':
../Core/Src/main.c:158:4: warning: implicit declaration of function 'sprintf' [-Wimplicit-function-declaration]
  158 |    sprintf(buffer, "%04d", TDSav);
      |    ^~~~~~~
../Core/Src/main.c:158:4: warning: incompatible implicit declaration of built-in function 'sprintf'
../Core/Src/main.c:21:1: note: include '<stdio.h>' or provide a declaration of 'sprintf'
   20 | #include "main.h"
  +++ |+#include <stdio.h>
   21 | 
../Core/Src/main.c:158:12: warning: pointer targets in passing argument 1 of 'sprintf' differ in signedness [-Wpointer-sign]
  158 |    sprintf(buffer, "%04d", TDSav);
      |            ^~~~~~
      |            |
      |            uint8_t * {aka unsigned char *}
../Core/Src/main.c:158:12: note: expected 'char *' but argument is of type 'uint8_t *' {aka 'unsigned char *'}
../Core/Src/main.c:159:18: warning: pointer targets in passing argument 1 of 'sprintf' differ in signedness [-Wpointer-sign]
  159 |    sprintf(buffer+4, "%04d", thermoAv);
      |            ~~~~~~^~
      |                  |
      |                  uint8_t * {aka unsigned char *}
../Core/Src/main.c:159:18: note: expected 'char *' but argument is of type 'uint8_t *' {aka 'unsigned char *'}
../Core/Src/main.c:161:18: warning: pointer targets in passing argument 1 of 'sprintf' differ in signedness [-Wpointer-sign]
  161 |    sprintf(buffer+8, "%04d", O2av);
      |            ~~~~~~^~
      |                  |
      |                  uint8_t * {aka unsigned char *}
../Core/Src/main.c:161:18: note: expected 'char *' but argument is of type 'uint8_t *' {aka 'unsigned char *'}
../Core/Src/main.c:173:31: warning: pointer targets in passing argument 2 of 'HAL_UART_Transmit' differ in signedness [-Wpointer-sign]
  173 |    HAL_UART_Transmit(&huart2, "\n\r", 2, 100);
      |                               ^~~~~~
      |                               |
      |                               char *
In file included from ../Core/Inc/stm32f4xx_hal_conf.h:411,
                 from ../Drivers/STM32F4xx_HAL_Driver/Inc/stm32f4xx_hal.h:29,
                 from ../Core/Inc/main.h:30,
                 from ../Core/Src/main.c:20:
../Drivers/STM32F4xx_HAL_Driver/Inc/stm32f4xx_hal_uart.h:722:79: note: expected 'const uint8_t *' {aka 'const unsigned char *'} but argument is of type 'char *'
  722 | HAL_StatusTypeDef HAL_UART_Transmit(UART_HandleTypeDef *huart, const uint8_t *pData, uint16_t Size, uint32_t Timeout);
      |                                                                ~~~~~~~~~~~~~~~^~~~~
arm-none-eabi-gcc -o "FinalProject.elf" @"objects.list"   -mcpu=cortex-m4 -T"D:\Code\CU\Embeded_Sys_Lab\FinalProject\STM32F411RETX_FLASH.ld" --specs=nosys.specs -Wl,-Map="FinalProject.map" -Wl,--gc-sections -static --specs=nano.specs -mfpu=fpv4-sp-d16 -mfloat-abi=hard -mthumb -Wl,--start-group -lc -lm -Wl,--end-group
Finished building target: FinalProject.elf
 
arm-none-eabi-size   FinalProject.elf 
arm-none-eabi-objdump -h -S  FinalProject.elf  > "FinalProject.list"
   text	   data	    bss	    dec	    hex	filename
  16480	    120	   1800	  18400	   47e0	FinalProject.elf
Finished building: default.size.stdout
 
Finished building: FinalProject.list
 

17:02:23 Build Finished. 0 errors, 6 warnings. (took 807ms)

