14:48:48 **** Incremental Build of configuration Debug for project FinalProject ****
make -j16 all 
arm-none-eabi-gcc "../Core/Src/main.c" -mcpu=cortex-m4 -std=gnu11 -g3 -DDEBUG -DUSE_HAL_DRIVER -DSTM32F411xE -c -I../Core/Inc -I../Drivers/STM32F4xx_HAL_Driver/Inc -I../Drivers/STM32F4xx_HAL_Driver/Inc/Legacy -I../Drivers/CMSIS/Device/ST/STM32F4xx/Include -I../Drivers/CMSIS/Include -O0 -ffunction-sections -fdata-sections -Wall -fstack-usage -fcyclomatic-complexity -MMD -MP -MF"Core/Src/main.d" -MT"Core/Src/main.o" --specs=nano.specs -mfpu=fpv4-sp-d16 -mfloat-abi=hard -mthumb -o "Core/Src/main.o"
../Core/Src/main.c: In function 'HAL_TIM_PeriodElapsedCallback':
../Core/Src/main.c:88:31: warning: pointer targets in passing argument 2 of 'HAL_UART_Transmit' differ in signedness [-Wpointer-sign]
   88 |    HAL_UART_Transmit(&huart2, "\n\r", 2, 100);
      |                               ^~~~~~
      |                               |
      |                               char *
In file included from ../Core/Inc/stm32f4xx_hal_conf.h:411,
                 from ../Drivers/STM32F4xx_HAL_Driver/Inc/stm32f4xx_hal.h:29,
                 from ../Core/Inc/main.h:30,
                 from ../Core/Src/main.c:20:
../Drivers/STM32F4xx_HAL_Driver/Inc/stm32f4xx_hal_uart.h:722:79: note: expected 'const uint8_t *' {aka 'const unsigned char *'} but argument is of type 'char *'
  722 | HAL_StatusTypeDef HAL_UART_Transmit(UART_HandleTypeDef *huart, const uint8_t *pData, uint16_t Size, uint32_t Timeout);
      |                                                                ~~~~~~~~~~~~~~~^~~~~
../Core/Src/main.c:98:30: warning: pointer targets in passing argument 2 of 'HAL_UART_Transmit' differ in signedness [-Wpointer-sign]
   98 |   HAL_UART_Transmit(&huart2, "Sending...\n\r", 12, 100);
      |                              ^~~~~~~~~~~~~~~~
      |                              |
      |                              char *
In file included from ../Core/Inc/stm32f4xx_hal_conf.h:411,
                 from ../Drivers/STM32F4xx_HAL_Driver/Inc/stm32f4xx_hal.h:29,
                 from ../Core/Inc/main.h:30,
                 from ../Core/Src/main.c:20:
../Drivers/STM32F4xx_HAL_Driver/Inc/stm32f4xx_hal_uart.h:722:79: note: expected 'const uint8_t *' {aka 'const unsigned char *'} but argument is of type 'char *'
  722 | HAL_StatusTypeDef HAL_UART_Transmit(UART_HandleTypeDef *huart, const uint8_t *pData, uint16_t Size, uint32_t Timeout);
      |                                                                ~~~~~~~~~~~~~~~^~~~~
../Core/Src/main.c: In function 'tempRead':
../Core/Src/main.c:112:10: warning: unused variable 'ROM_tmp' [-Wunused-variable]
  112 |  uint8_t ROM_tmp[8];
      |          ^~~~~~~
../Core/Src/main.c: In function 'main':
../Core/Src/main.c:184:30: warning: pointer targets in passing argument 2 of 'HAL_UART_Transmit' differ in signedness [-Wpointer-sign]
  184 |   HAL_UART_Transmit(&huart2, "Initialize successful\n\r", 23, HAL_MAX_DELAY);
      |                              ^~~~~~~~~~~~~~~~~~~~~~~~~~~
      |                              |
      |                              char *
In file included from ../Core/Inc/stm32f4xx_hal_conf.h:411,
                 from ../Drivers/STM32F4xx_HAL_Driver/Inc/stm32f4xx_hal.h:29,
                 from ../Core/Inc/main.h:30,
                 from ../Core/Src/main.c:20:
../Drivers/STM32F4xx_HAL_Driver/Inc/stm32f4xx_hal_uart.h:722:79: note: expected 'const uint8_t *' {aka 'const unsigned char *'} but argument is of type 'char *'
  722 | HAL_StatusTypeDef HAL_UART_Transmit(UART_HandleTypeDef *huart, const uint8_t *pData, uint16_t Size, uint32_t Timeout);
      |                                                                ~~~~~~~~~~~~~~~^~~~~
../Core/Src/main.c:241:4: warning: implicit declaration of function 'sprintf' [-Wimplicit-function-declaration]
  241 |    sprintf(buffer, "%04d", tdsValue);
      |    ^~~~~~~
../Core/Src/main.c:241:4: warning: incompatible implicit declaration of built-in function 'sprintf'
../Core/Src/main.c:27:1: note: include '<stdio.h>' or provide a declaration of 'sprintf'
   26 | #include "ssd1306.h"
  +++ |+#include <stdio.h>
   27 | /* USER CODE END Includes */
../Core/Src/main.c:241:12: warning: pointer targets in passing argument 1 of 'sprintf' differ in signedness [-Wpointer-sign]
  241 |    sprintf(buffer, "%04d", tdsValue);
      |            ^~~~~~
      |            |
      |            uint8_t * {aka unsigned char *}
../Core/Src/main.c:241:12: note: expected 'char *' but argument is of type 'uint8_t *' {aka 'unsigned char *'}
../Core/Src/main.c:242:18: warning: pointer targets in passing argument 1 of 'sprintf' differ in signedness [-Wpointer-sign]
  242 |    sprintf(buffer+4, "%04d", thermoAv);
      |            ~~~~~~^~
      |                  |
      |                  uint8_t * {aka unsigned char *}
../Core/Src/main.c:242:18: note: expected 'char *' but argument is of type 'uint8_t *' {aka 'unsigned char *'}
../Core/Src/main.c:243:18: warning: pointer targets in passing argument 1 of 'sprintf' differ in signedness [-Wpointer-sign]
  243 |    sprintf(buffer+8, "%04d", O2av);
      |            ~~~~~~^~
      |                  |
      |                  uint8_t * {aka unsigned char *}
../Core/Src/main.c:243:18: note: expected 'char *' but argument is of type 'uint8_t *' {aka 'unsigned char *'}
../Core/Src/main.c: In function 'tempRead':
../Core/Src/main.c:120:1: warning: control reaches end of non-void function [-Wreturn-type]
  120 | }
      | ^
arm-none-eabi-gcc -o "FinalProject.elf" @"objects.list"   -mcpu=cortex-m4 -T"D:\Code\CU\Embeded_Sys_Lab\FinalProject\STM32F411RETX_FLASH.ld" --specs=nosys.specs -Wl,-Map="FinalProject.map" -Wl,--gc-sections -static --specs=nano.specs -mfpu=fpv4-sp-d16 -mfloat-abi=hard -mthumb -Wl,--start-group -lc -lm -Wl,--end-group
Finished building target: FinalProject.elf
 
arm-none-eabi-size   FinalProject.elf 
arm-none-eabi-objdump -h -S  FinalProject.elf  > "FinalProject.list"
   text	   data	    bss	    dec	    hex	filename
  32920	    128	   3288	  36336	   8df0	FinalProject.elf
Finished building: default.size.stdout
 
Finished building: FinalProject.list
 

14:48:49 Build Finished. 0 errors, 10 warnings. (took 1s.65ms)

