16:28:29 **** Build of configuration Debug for project PreQuiz2 ****
make -j16 all 
arm-none-eabi-gcc "../Core/Src/main.c" -mcpu=cortex-m4 -std=gnu11 -g3 -DDEBUG -DUSE_HAL_DRIVER -DSTM32F411xE -c -I../Core/Inc -I../Drivers/STM32F4xx_HAL_Driver/Inc -I../Drivers/STM32F4xx_HAL_Driver/Inc/Legacy -I../Drivers/CMSIS/Device/ST/STM32F4xx/Include -I../Drivers/CMSIS/Include -O0 -ffunction-sections -fdata-sections -Wall -fstack-usage -fcyclomatic-complexity -MMD -MP -MF"Core/Src/main.d" -MT"Core/Src/main.o" --specs=nano.specs -mfpu=fpv4-sp-d16 -mfloat-abi=hard -mthumb -o "Core/Src/main.o"
arm-none-eabi-gcc -o "PreQuiz2.elf" @"objects.list"   -mcpu=cortex-m4 -T"D:\Code\CU\Embeded_Sys_Lab\PreQuiz2\STM32F411RETX_FLASH.ld" --specs=nosys.specs -Wl,-Map="PreQuiz2.map" -Wl,--gc-sections -static --specs=nano.specs -mfpu=fpv4-sp-d16 -mfloat-abi=hard -mthumb -Wl,--start-group -lc -lm -Wl,--end-group
Finished building target: PreQuiz2.elf
 
arm-none-eabi-size   PreQuiz2.elf 
arm-none-eabi-objdump -h -S  PreQuiz2.elf  > "PreQuiz2.list"
   text	   data	    bss	    dec	    hex	filename
  18752	     20	   2020	  20792	   5138	PreQuiz2.elf
Finished building: default.size.stdout
 
Finished building: PreQuiz2.list
 

16:28:30 Build Finished. 0 errors, 0 warnings. (took 865ms)

