../Core/Src/main.c:105:6:LED1_Thread	16	static
../Core/Src/main.c:112:6:LED2_Thread	16	static
../Core/Src/main.c:119:6:LED3_Thread	16	static
../Core/Src/main.c:126:6:LED4_Thread	16	static
../Core/Src/main.c:133:6:UART0_Thread	56	static
../Core/Src/main.c:147:6:UART1_Thread	56	static
../Core/Src/main.c:161:6:Queue_Thread	56	static
../Core/Src/main.c:181:5:main	40	static
../Core/Src/main.c:294:6:SystemClock_Config	88	static
../Core/Src/main.c:341:13:MX_USART2_UART_Init	8	static
../Core/Src/main.c:374:13:MX_GPIO_Init	48	static
../Core/Src/main.c:427:6:StartDefaultTask	16	static
../Core/Src/main.c:439:6:Callback01	16	static
../Core/Src/main.c:447:6:Callback02	16	static
../Core/Src/main.c:455:6:Callback03	16	static
../Core/Src/main.c:463:6:Callback04	16	static
../Core/Src/main.c:474:6:Error_Handler	4	static,ignoring_inline_asm
