../Core/Src/main.c:81:6:HAL_TIM_PeriodElapsedCallback	16	static
../Core/Src/main.c:102:6:HAL_UART_RxCpltCallback	16	static
../Core/Src/main.c:107:7:tempRead	24	static
../Core/Src/main.c:127:5:main	88	static
../Core/Src/main.c:282:6:SystemClock_Config	88	static
../Core/Src/main.c:329:13:MX_ADC1_Init	24	static
../Core/Src/main.c:397:13:MX_I2C1_Init	8	static
../Core/Src/main.c:431:13:MX_TIM1_Init	32	static
../Core/Src/main.c:477:13:MX_TIM2_Init	32	static
../Core/Src/main.c:522:13:MX_TIM3_Init	32	static
../Core/Src/main.c:567:13:MX_USART1_UART_Init	8	static
../Core/Src/main.c:600:13:MX_USART2_UART_Init	8	static
../Core/Src/main.c:633:13:MX_GPIO_Init	48	static
../Core/Src/main.c:693:6:Error_Handler	4	static,ignoring_inline_asm
