../Core/Src/main.c:80:6:LED1_Thread	16	static
../Core/Src/main.c:87:6:LED2_Thread	16	static
../Core/Src/main.c:94:6:LED3_Thread	16	static
../Core/Src/main.c:101:6:LED4_Thread	16	static
../Core/Src/main.c:108:6:UART0_Thread	56	static
../Core/Src/main.c:125:6:UART1_Thread	56	static
../Core/Src/main.c:144:6:Queue_Thread	16	static
../Core/Src/main.c:157:5:main	8	static
../Core/Src/main.c:246:6:SystemClock_Config	88	static
../Core/Src/main.c:293:13:MX_USART2_UART_Init	8	static
../Core/Src/main.c:326:13:MX_GPIO_Init	48	static
../Core/Src/main.c:370:6:Timer_Callback_1	16	static
../Core/Src/main.c:373:6:Timer_Callback_2	16	static
../Core/Src/main.c:376:6:Timer_Callback_3	16	static
../Core/Src/main.c:379:6:Timer_Callback_4	16	static
../Core/Src/main.c:391:6:StartDefaultTask	120	static
../Core/Src/main.c:418:6:Error_Handler	4	static,ignoring_inline_asm
