../Core/Src/main.c:72:6:delay	16	static
../Core/Src/main.c:83:6:Set_Pin_Output	40	static
../Core/Src/main.c:91:6:Set_Pin_Input	40	static
../Core/Src/main.c:99:6:DHT22_Start	8	static
../Core/Src/main.c:110:9:DHT22_Check_Response	16	static
../Core/Src/main.c:126:9:DHT22_Read	16	static
../Core/Src/main.c:148:7:tempRead	24	static
../Core/Src/main.c:180:5:main	48	static
../Core/Src/main.c:295:6:SystemClock_Config	88	static
../Core/Src/main.c:341:13:MX_I2C1_Init	8	static
../Core/Src/main.c:375:13:MX_TIM1_Init	32	static
../Core/Src/main.c:421:13:MX_TIM3_Init	32	static
../Core/Src/main.c:466:13:MX_USART1_UART_Init	8	static
../Core/Src/main.c:499:13:MX_USART2_UART_Init	8	static
../Core/Src/main.c:532:13:MX_GPIO_Init	48	static
../Core/Src/main.c:582:6:Error_Handler	4	static,ignoring_inline_asm
